11:45:52 **** Incremental Build of configuration Debug for project tp1 ****
make -r -j20 all 
Building file: ../source/tp1.c
Invoking: MCU C Compiler
arm-none-eabi-gcc -D__REDLIB__ -DCPU_MKL28Z512VLL7 -DCPU_MKL28Z512VLL7_cm0plus -DFSL_RTOS_BM -DSDK_OS_BAREMETAL -DSDK_DEBUGCONSOLE=1 -DCR_INTEGER_PRINTF -DPRINTF_FLOAT_ENABLE=0 -D__MCUXPRESSO -D__USE_CMSIS -DDEBUG -I"U:\pratiqueexam\tp1\board" -I"U:\pratiqueexam\tp1\source" -I"U:\pratiqueexam\tp1" -I"U:\pratiqueexam\tp1\drivers" -I"U:\pratiqueexam\tp1\component\serial_manager" -I"U:\pratiqueexam\tp1\CMSIS" -I"U:\pratiqueexam\tp1\utilities" -I"U:\pratiqueexam\tp1\component\uart" -I"U:\pratiqueexam\tp1\device" -O0 -fno-common -g3 -gdwarf-4 -Wall -c -ffunction-sections -fdata-sections -ffreestanding -fno-builtin -fmerge-constants -fmacro-prefix-map="../source/"= -mcpu=cortex-m0plus -mthumb -D__REDLIB__ -fstack-usage -specs=redlib.specs -MMD -MP -MF"source/tp1.d" -MT"source/tp1.o" -MT"source/tp1.d" -o "source/tp1.o" "../source/tp1.c"
Finished building: ../source/tp1.c
 
Building target: tp1.axf
Invoking: MCU Linker
arm-none-eabi-gcc -nostdlib -Xlinker -Map="tp1.map" -Xlinker --gc-sections -Xlinker -print-memory-usage -Xlinker --sort-section=alignment -Xlinker --cref -mcpu=cortex-m0plus -mthumb -T tp1_Debug.ld -o "tp1.axf" ./utilities/fsl_debug_console.o ./utilities/fsl_str.o  ./startup/startup_mkl28z7.o  ./source/mtb.o ./source/semihost_hardfault.o ./source/tp1.o  ./drivers/fsl_clock.o ./drivers/fsl_common.o ./drivers/fsl_ftfx_cache.o ./drivers/fsl_ftfx_controller.o ./drivers/fsl_ftfx_flash.o ./drivers/fsl_ftfx_flexnvm.o ./drivers/fsl_gpio.o ./drivers/fsl_lpuart.o ./drivers/fsl_rtc.o ./drivers/fsl_smc.o  ./device/system_MKL28Z7.o  ./component/uart/lpuart_adapter.o  ./component/serial_manager/serial_manager.o ./component/serial_manager/serial_port_uart.o  ./board/board.o ./board/clock_config.o ./board/peripherals.o ./board/pin_mux.o   
Memory region         Used Size  Region Size  %age Used
   PROGRAM_FLASH:       17132 B       512 KB      3.27%
            SRAM:        8568 B       128 KB      6.54%
         USB_RAM:          0 GB         2 KB      0.00%
Finished building target: tp1.axf
 
Performing post-build steps
arm-none-eabi-size "tp1.axf"; # arm-none-eabi-objcopy -v -O binary "tp1.axf" "tp1.bin" ; # checksum -p MKL28Z512xxx7 -d "tp1.bin";
   text	   data	    bss	    dec	    hex	filename
  17128	      4	   8564	  25696	   6460	tp1.axf
 

11:46:00 Build Finished. 0 errors, 0 warnings. (took 8s.78ms)

