Archive member included to satisfy reference by file (symbol)

c:/nxp/mcuxpressoide_11.9.1_2170/ide/plugins/com.nxp.mcuxpresso.tools.win32_11.9.1.202402080819/tools/bin/../lib/gcc/arm-none-eabi/12.3.1/../../../../arm-none-eabi/lib/thumb/v6-m/nofp\libcr_nohost_nf.a(_cr__main.o)
                              ./startup/startup_mkl28z7.o (__main)
c:/nxp/mcuxpressoide_11.9.1_2170/ide/plugins/com.nxp.mcuxpresso.tools.win32_11.9.1.202402080819/tools/bin/../lib/gcc/arm-none-eabi/12.3.1/../../../../arm-none-eabi/lib/thumb/v6-m/nofp\libcr_nohost_nf.a(_cr_assert.o)
                              ./utilities/fsl_debug_console.o (__assertion_failed)
c:/nxp/mcuxpressoide_11.9.1_2170/ide/plugins/com.nxp.mcuxpresso.tools.win32_11.9.1.202402080819/tools/bin/../lib/gcc/arm-none-eabi/12.3.1/../../../../arm-none-eabi/lib/thumb/v6-m/nofp\libcr_nohost_nf.a(__ciob.o)
                              c:/nxp/mcuxpressoide_11.9.1_2170/ide/plugins/com.nxp.mcuxpresso.tools.win32_11.9.1.202402080819/tools/bin/../lib/gcc/arm-none-eabi/12.3.1/../../../../arm-none-eabi/lib/thumb/v6-m/nofp\libcr_nohost_nf.a(_cr_assert.o) (__Ciob)
c:/nxp/mcuxpressoide_11.9.1_2170/ide/plugins/com.nxp.mcuxpresso.tools.win32_11.9.1.202402080819/tools/bin/../lib/gcc/arm-none-eabi/12.3.1/../../../../arm-none-eabi/lib/thumb/v6-m/nofp\libcr_nohost_nf.a(__sys_appexit.o)
                              c:/nxp/mcuxpressoide_11.9.1_2170/ide/plugins/com.nxp.mcuxpresso.tools.win32_11.9.1.202402080819/tools/bin/../lib/gcc/arm-none-eabi/12.3.1/../../../../arm-none-eabi/lib/thumb/v6-m/nofp\libcr_nohost_nf.a(_cr_assert.o) (__sys_appexit)
c:/nxp/mcuxpressoide_11.9.1_2170/ide/plugins/com.nxp.mcuxpresso.tools.win32_11.9.1.202402080819/tools/bin/../lib/gcc/arm-none-eabi/12.3.1/../../../../arm-none-eabi/lib/thumb/v6-m/nofp\libcr_c.a(memcpy.o)
                              ./drivers/fsl_ftfx_cache.o (memcpy)
c:/nxp/mcuxpressoide_11.9.1_2170/ide/plugins/com.nxp.mcuxpresso.tools.win32_11.9.1.202402080819/tools/bin/../lib/gcc/arm-none-eabi/12.3.1/../../../../arm-none-eabi/lib/thumb/v6-m/nofp\libcr_c.a(memset.o)
                              ./utilities/fsl_debug_console.o (memset)
c:/nxp/mcuxpressoide_11.9.1_2170/ide/plugins/com.nxp.mcuxpresso.tools.win32_11.9.1.202402080819/tools/bin/../lib/gcc/arm-none-eabi/12.3.1/../../../../arm-none-eabi/lib/thumb/v6-m/nofp\libcr_c.a(_deferredlazyseek.o)
                              c:/nxp/mcuxpressoide_11.9.1_2170/ide/plugins/com.nxp.mcuxpresso.tools.win32_11.9.1.202402080819/tools/bin/../lib/gcc/arm-none-eabi/12.3.1/../../../../arm-none-eabi/lib/thumb/v6-m/nofp\libcr_nohost_nf.a(_cr_assert.o) (__flsbuf)
c:/nxp/mcuxpressoide_11.9.1_2170/ide/plugins/com.nxp.mcuxpresso.tools.win32_11.9.1.202402080819/tools/bin/../lib/gcc/arm-none-eabi/12.3.1/../../../../arm-none-eabi/lib/thumb/v6-m/nofp\libcr_c.a(_fflush.o)
                              c:/nxp/mcuxpressoide_11.9.1_2170/ide/plugins/com.nxp.mcuxpresso.tools.win32_11.9.1.202402080819/tools/bin/../lib/gcc/arm-none-eabi/12.3.1/../../../../arm-none-eabi/lib/thumb/v6-m/nofp\libcr_c.a(_deferredlazyseek.o) (_fflush)
c:/nxp/mcuxpressoide_11.9.1_2170/ide/plugins/com.nxp.mcuxpresso.tools.win32_11.9.1.202402080819/tools/bin/../lib/gcc/arm-none-eabi/12.3.1/../../../../arm-none-eabi/lib/thumb/v6-m/nofp\libcr_c.a(_writebuf.o)
                              c:/nxp/mcuxpressoide_11.9.1_2170/ide/plugins/com.nxp.mcuxpresso.tools.win32_11.9.1.202402080819/tools/bin/../lib/gcc/arm-none-eabi/12.3.1/../../../../arm-none-eabi/lib/thumb/v6-m/nofp\libcr_c.a(_deferredlazyseek.o) (_Cwritebuf)
c:/nxp/mcuxpressoide_11.9.1_2170/ide/plugins/com.nxp.mcuxpresso.tools.win32_11.9.1.202402080819/tools/bin/../lib/gcc/arm-none-eabi/12.3.1/../../../../arm-none-eabi/lib/thumb/v6-m/nofp\libcr_c.a(alloc.o)
                              ./drivers/fsl_common.o (malloc)
c:/nxp/mcuxpressoide_11.9.1_2170/ide/plugins/com.nxp.mcuxpresso.tools.win32_11.9.1.202402080819/tools/bin/../lib/gcc/arm-none-eabi/12.3.1/../../../../arm-none-eabi/lib/thumb/v6-m/nofp\libcr_c.a(fputs.o)
                              c:/nxp/mcuxpressoide_11.9.1_2170/ide/plugins/com.nxp.mcuxpresso.tools.win32_11.9.1.202402080819/tools/bin/../lib/gcc/arm-none-eabi/12.3.1/../../../../arm-none-eabi/lib/thumb/v6-m/nofp\libcr_nohost_nf.a(_cr_assert.o) (fputs)
c:/nxp/mcuxpressoide_11.9.1_2170/ide/plugins/com.nxp.mcuxpresso.tools.win32_11.9.1.202402080819/tools/bin/../lib/gcc/arm-none-eabi/12.3.1/../../../../arm-none-eabi/lib/thumb/v6-m/nofp\libcr_c.a(fseek.o)
                              c:/nxp/mcuxpressoide_11.9.1_2170/ide/plugins/com.nxp.mcuxpresso.tools.win32_11.9.1.202402080819/tools/bin/../lib/gcc/arm-none-eabi/12.3.1/../../../../arm-none-eabi/lib/thumb/v6-m/nofp\libcr_c.a(_deferredlazyseek.o) (fseek)
c:/nxp/mcuxpressoide_11.9.1_2170/ide/plugins/com.nxp.mcuxpresso.tools.win32_11.9.1.202402080819/tools/bin/../lib/gcc/arm-none-eabi/12.3.1/../../../../arm-none-eabi/lib/thumb/v6-m/nofp\libcr_c.a(ftell.o)
[...]
Memory Configuration

Name             Origin             Length             Attributes
PROGRAM_FLASH    0x00000000         0x00080000         xr
SRAM             0x1fff8000         0x00020000         xrw
USB_RAM          0x40100000         0x00000800         xrw
*default*        0x00000000         0xffffffff

Linker script and memory map

LOAD ./utilities/fsl_debug_console.o
LOAD ./utilities/fsl_str.o
LOAD ./startup/startup_mkl28z7.o
LOAD ./source/mtb.o
LOAD ./source/semihost_hardfault.o
LOAD ./source/tp1.o
LOAD ./drivers/fsl_clock.o
LOAD ./drivers/fsl_common.o
LOAD ./drivers/fsl_ftfx_cache.o
LOAD ./drivers/fsl_ftfx_controller.o
LOAD ./drivers/fsl_ftfx_flash.o
LOAD ./drivers/fsl_ftfx_flexnvm.o
LOAD ./drivers/fsl_gpio.o
LOAD ./drivers/fsl_lpuart.o
LOAD ./drivers/fsl_rtc.o
LOAD ./drivers/fsl_smc.o
LOAD ./device/system_MKL28Z7.o
LOAD ./component/uart/lpuart_adapter.o
LOAD ./component/serial_manager/serial_manager.o
LOAD ./component/serial_manager/serial_port_uart.o
LOAD ./board/board.o
LOAD ./board/clock_config.o
LOAD ./board/peripherals.o
LOAD ./board/pin_mux.o
START GROUP
LOAD c:/nxp/mcuxpressoide_11.9.1_2170/ide/plugins/com.nxp.mcuxpresso.tools.win32_11.9.1.202402080819/tools/bin/../lib/gcc/arm-none-eabi/12.3.1/../../../../arm-none-eabi/lib/thumb/v6-m/nofp\libcr_nohost_nf.a
LOAD c:/nxp/mcuxpressoide_11.9.1_2170/ide/plugins/com.nxp.mcuxpresso.tools.win32_11.9.1.202402080819/tools/bin/../lib/gcc/arm-none-eabi/12.3.1/../../../../arm-none-eabi/lib/thumb/v6-m/nofp\libcr_c.a
LOAD c:/nxp/mcuxpressoide_11.9.1_2170/ide/plugins/com.nxp.mcuxpresso.tools.win32_11.9.1.202402080819/tools/bin/../lib/gcc/arm-none-eabi/12.3.1/thumb/v6-m/nofp\libcr_eabihelpers.a
LOAD c:/nxp/mcuxpressoide_11.9.1_2170/ide/plugins/com.nxp.mcuxpresso.tools.win32_11.9.1.202402080819/tools/bin/../lib/gcc/arm-none-eabi/12.3.1/thumb/v6-m/nofp\libgcc.a
END GROUP
                0x00000000                        __base_PROGRAM_FLASH = 0x0
                0x00000000                        __base_Flash = 0x0
                0x00080000                        __top_PROGRAM_FLASH = 0x80000
                0x00080000                        __top_Flash = 0x80000
                0x1fff8000                        __base_SRAM = 0x1fff8000
                0x1fff8000                        __base_RAM = 0x1fff8000
                0x20018000                        __top_SRAM = 0x20018000
                0x20018000                        __top_RAM = 0x20018000
                0x40100000                        __base_USB_RAM = 0x40100000
                0x40100000                        __base_RAM2 = 0x40100000
                0x40100800                        __top_USB_RAM = 0x40100800
                0x40100800                        __top_RAM2 = 0x40100800

.text           0x00000000     0x42e8
 FILL mask 0xff
                0x00000000                        __vectors_start__ = ABSOLUTE (.)
 *(SORT_BY_ALIGNMENT(.isr_vector))
 .isr_vector    0x00000000      0x10c ./startup/startup_mkl28z7.o
                0x00000000                g_pfnVectors
                0x00000000                __Vectors
                0x0000010c                        . = ALIGN (0x4)
                0x0000010c                        __section_table_start = .
                0x0000010c                        __data_section_table = .
                0x0000010c        0x4 LONG 0x42e8 LOADADDR (.data)
                0x00000110        0x4 LONG 0x1fff8080 ADDR (.data)
                0x00000114        0x4 LONG 0x4 SIZEOF (.data)
                0x00000118        0x4 LONG 0x42e8 LOADADDR (.data_RAM2)
                0x0000011c        0x4 LONG 0x40100000 ADDR (.data_RAM2)
                0x00000120        0x4 LONG 0x0 SIZEOF (.data_RAM2)
                0x00000124                        __data_section_table_end = .
                0x00000124                        __bss_section_table = .
                0x00000124        0x4 LONG 0x1fff8084 ADDR (.bss)
                0x00000128        0x4 LONG 0xf4 SIZEOF (.bss)
                0x0000012c        0x4 LONG 0x40100000 ADDR (.bss_RAM2)
                0x00000130        0x4 LONG 0x0 SIZEOF (.bss_RAM2)
                0x00000134                        __bss_section_table_end = .
                0x00000134                        __section_table_end = .
 *(SORT_BY_ALIGNMENT(.after_vectors*))
 .after_vectors.reset
                0x00000134       0x4c ./startup/startup_mkl28z7.o
                0x00000134                ResetISR
 .after_vectors.init_data
                0x00000180       0x12 ./startup/startup_mkl28z7.o
                0x00000180                data_init
 .after_vectors.init_bss
                0x00000192       0x10 ./startup/startup_mkl28z7.o
                0x00000192                bss_init
 .after_vectors
                0x000001a2      0x1a4 ./startup/startup_mkl28z7.o
                0x000001a2                NMI_Handler
                0x000001a6                SVC_Handler
                0x000001a8                PendSV_Handler
                0x000001aa                SysTick_Handler
                0x000001ac                LPSPI2_DriverIRQHandler
                0x000001ac                DMA0_15_DriverIRQHandler
                0x000001ac                EMVSIM0_DriverIRQHandler
                0x000001ac                DMA0_37_DriverIRQHandler
                0x000001ac                Reserved50_DriverIRQHandler
                0x000001ac                INTMUX0_3_DriverIRQHandler
                0x000001ac                SCG_DriverIRQHandler
                0x000001ac                LPTMR0_DriverIRQHandler
                0x000001ac                RCM_DriverIRQHandler
                0x000001ac                PORTE_DriverIRQHandler
                0x000001ac                DMA0_26_DriverIRQHandler
                0x000001ac                PORTB_DriverIRQHandler
                0x000001ac                LPI2C0_DriverIRQHandler
                0x000001ac                I2S0_DriverIRQHandler
                0x000001ac                LPI2C2_DriverIRQHandler
                0x000001ac                TPM2_DriverIRQHandler
                0x000001ac                PORTD_DriverIRQHandler
                0x000001ac                INTMUX0_2_DriverIRQHandler
                0x000001ac                CTI0_DMA0_Error_DriverIRQHandler
                0x000001ac                LLWU0_DriverIRQHandler
                0x000001ac                CMP0_DriverIRQHandler
                0x000001ac                TSI0_DriverIRQHandler
                0x000001ac                WDOG0_DriverIRQHandler
                0x000001ac                RTC_Seconds_DriverIRQHandler
                0x000001ac                ADC0_DriverIRQHandler
                0x000001ac                LPIT0_DriverIRQHandler
                0x000001ac                TRNG_DriverIRQHandler
                0x000001ac                INTMUX0_1_DriverIRQHandler
                0x000001ac                LPSPI1_DriverIRQHandler
                0x000001ac                FLEXIO0_DriverIRQHandler
                0x000001ac                LPTMR1_DriverIRQHandler
                0x000001ac                CMP1_DriverIRQHandler
                0x000001ac                LPI2C1_DriverIRQHandler
                0x000001ac                Reserved49_DriverIRQHandler
                0x000001ac                FTFA_DriverIRQHandler
                0x000001ac                IntDefaultHandler
                0x000001ac                USB0_DriverIRQHandler
                0x000001ac                PORTC_DriverIRQHandler
                0x000001ac                DMA0_04_DriverIRQHandler
                0x000001ac                PMC_DriverIRQHandler
                0x000001ac                Reserved51_DriverIRQHandler
                0x000001ac                DAC0_DriverIRQHandler
                0x000001ac                RTC_DriverIRQHandler
                0x000001ac                LPSPI0_DriverIRQHandler
                0x000001ac                TPM1_DriverIRQHandler
                0x000001ac                TPM0_DriverIRQHandler
                0x000001ac                INTMUX0_0_DriverIRQHandler
                0x000001ac                PORTA_DriverIRQHandler
                0x000001ac                Reserved32_DriverIRQHandler
                0x000001ae                DMA0_04_IRQHandler
                0x000001b6                DMA0_15_IRQHandler
                0x000001be                DMA0_26_IRQHandler
                0x000001c6                DMA0_37_IRQHandler
                0x000001ce                CTI0_DMA0_Error_IRQHandler
                0x000001d6                FLEXIO0_IRQHandler
                0x000001de                TPM0_IRQHandler
                0x000001e6                TPM1_IRQHandler
                0x000001ee                TPM2_IRQHandler
                0x000001f6                LPIT0_IRQHandler
                0x000001fe                LPSPI0_IRQHandler
                0x00000206                LPSPI1_IRQHandler
                0x0000020e                LPUART0_IRQHandler
                0x00000216                LPUART1_IRQHandler
                0x0000021e                LPI2C0_IRQHandler
                0x00000226                LPI2C1_IRQHandler
                0x0000022e                Reserved32_IRQHandler
                0x00000236                PORTA_IRQHandler
                0x0000023e                PORTB_IRQHandler
                0x00000246                PORTC_IRQHandler
                0x0000024e                PORTD_IRQHandler
                0x00000256                PORTE_IRQHandler
                0x0000025e                LLWU0_IRQHandler
                0x00000266                I2S0_IRQHandler
                0x0000026e                USB0_IRQHandler
                0x00000276                ADC0_IRQHandler
                0x0000027e                LPTMR0_IRQHandler
                0x00000286                RTC_Seconds_IRQHandler
                0x0000028e                INTMUX0_0_IRQHandler
                0x00000296                INTMUX0_1_IRQHandler
                0x0000029e                INTMUX0_2_IRQHandler
                0x000002a6                INTMUX0_3_IRQHandler
                0x000002ae                LPTMR1_IRQHandler
                0x000002b6                Reserved49_IRQHandler
                0x000002be                Reserved50_IRQHandler
                0x000002c6                Reserved51_IRQHandler
                0x000002ce                LPSPI2_IRQHandler
                0x000002d6                LPUART2_IRQHandler
                0x000002de                EMVSIM0_IRQHandler
                0x000002e6                LPI2C2_IRQHandler
                0x000002ee                TSI0_IRQHandler
                0x000002f6                PMC_IRQHandler
                0x000002fe                FTFA_IRQHandler
                0x00000306                SCG_IRQHandler
                0x0000030e                WDOG0_IRQHandler
                0x00000316                DAC0_IRQHandler
                0x0000031e                TRNG_IRQHandler
                0x00000326                RCM_IRQHandler
                0x0000032e                CMP0_IRQHandler
                0x00000336                CMP1_IRQHandler
                0x0000033e                RTC_IRQHandler
                0x00000400                        . = 0x400
 *fill*         0x00000346       0xba ff
                0x00000400                        PROVIDE (__FLASH_CONFIG_START__ = .)
 *(SORT_BY_ALIGNMENT(.FlashConfig))
 .FlashConfig   0x00000400       0x10 ./startup/startup_mkl28z7.o
                0x00000400                Flash_Config
                0x00000410                        PROVIDE (__FLASH_CONFIG_END__ = .)
                0x00000001                        ASSERT (! ((__FLASH_CONFIG_START__ == __FLASH_CONFIG_END__)), Linker Flash Config Support Enabled, but no .FlashConfig section provided within application)
 *(SORT_BY_ALIGNMENT(.text*))
 .text.DbgConsole_ReadOneCharacter
                0x00000410       0x38 ./utilities/fsl_debug_console.o
                0x00000410                DbgConsole_ReadOneCharacter
 .text.DbgConsole_SendData
                0x00000448       0x60 ./utilities/fsl_debug_console.o
                0x00000448                DbgConsole_SendData
 .text.DbgConsole_ReadCharacter
                0x000004a8       0x3c ./utilities/fsl_debug_console.o
                0x000004a8                DbgConsole_ReadCharacter
 .text.DbgConsole_Init
                0x000004e4      0x12c ./utilities/fsl_debug_console.o
                0x000004e4                DbgConsole_Init
 .text.DbgConsole_Printf
                0x00000610       0x88 ./utilities/fsl_debug_console.o
                0x00000610                DbgConsole_Printf
 .text.HardFault_Handler
                0x00000698       0x38 ./source/semihost_hardfault.o
                0x00000698                HardFault_Handler
 .text.main     0x000006d0       0xe0 ./source/tp1.o
                0x000006d0                main
 .text.CLOCK_GetIpFreq
                0x000007b0       0xe0 ./drivers/fsl_clock.o
                0x000007b0                CLOCK_GetIpFreq
 .text.CLOCK_InitSysOsc
                0x00000890      0x154 ./drivers/fsl_clock.o
                0x00000890                CLOCK_InitSysOsc
 .text.CLOCK_DeinitSysOsc
                0x000009e4       0x4c ./drivers/fsl_clock.o
                0x000009e4                CLOCK_DeinitSysOsc
 .text.CLOCK_GetSysOscFreq
                0x00000a30       0x40 ./drivers/fsl_clock.o
                0x00000a30                CLOCK_GetSysOscFreq
 .text.CLOCK_GetSysOscAsyncFreq
                0x00000a70       0x88 ./drivers/fsl_clock.o
                0x00000a70                CLOCK_GetSysOscAsyncFreq
 .text.CLOCK_InitSirc
                0x00000af8       0x9c ./drivers/fsl_clock.o
                0x00000af8                CLOCK_InitSirc
 .text.CLOCK_DeinitSirc
                0x00000b94       0x48 ./drivers/fsl_clock.o
                0x00000b94                CLOCK_DeinitSirc
 .text.CLOCK_GetSircFreq
                0x00000bdc       0x38 ./drivers/fsl_clock.o
                0x00000bdc                CLOCK_GetSircFreq
 .text.CLOCK_GetSircAsyncFreq
                0x00000c14       0x88 ./drivers/fsl_clock.o
                0x00000c14                CLOCK_GetSircAsyncFreq
 .text.CLOCK_InitFirc
                0x00000c9c      0x128 ./drivers/fsl_clock.o
                0x00000c9c                CLOCK_InitFirc
 .text.CLOCK_DeinitFirc
                0x00000dc4       0x4c ./drivers/fsl_clock.o
                0x00000dc4                CLOCK_DeinitFirc
 .text.CLOCK_GetFircFreq
                0x00000e10       0x38 ./drivers/fsl_clock.o
                0x00000e10                CLOCK_GetFircFreq
 .text.CLOCK_GetFircAsyncFreq
                0x00000e48       0x88 ./drivers/fsl_clock.o
                0x00000e48                CLOCK_GetFircAsyncFreq
 .text.CLOCK_InitSysPll
                0x00000ed0       0xd4 ./drivers/fsl_clock.o
                0x00000ed0                CLOCK_InitSysPll
 .text.CLOCK_DeinitSysPll
                0x00000fa4       0x4c ./drivers/fsl_clock.o
                0x00000fa4                CLOCK_DeinitSysPll
 .text.CLOCK_GetSysPllCommonFreq
                0x00000ff0       0x74 ./drivers/fsl_clock.o
 .text.CLOCK_GetSysPllFreq
                0x00001064       0x34 ./drivers/fsl_clock.o
                0x00001064                CLOCK_GetSysPllFreq
 .text.CLOCK_GetSysPllAsyncFreq
                0x00001098       0x88 ./drivers/fsl_clock.o
                0x00001098                CLOCK_GetSysPllAsyncFreq
 .text.CLOCK_EnableClock
                0x00001120       0x34 ./drivers/fsl_lpuart.o
 .text.LPUART_GetInstance
                0x00001154       0x4c ./drivers/fsl_lpuart.o
                0x00001154                LPUART_GetInstance
 .text.LPUART_Init
                0x000011a0      0x33c ./drivers/fsl_lpuart.o
                0x000011a0                LPUART_Init
 .text.LPUART_GetDefaultConfig
                0x000014dc       0x8c ./drivers/fsl_lpuart.o
                0x000014dc                LPUART_GetDefaultConfig
 .text.LPUART_ClearStatusFlags
                0x00001568       0xb0 ./drivers/fsl_lpuart.o
                0x00001568                LPUART_ClearStatusFlags
 .text.LPUART_WriteBlocking
                0x00001618       0x50 ./drivers/fsl_lpuart.o
                0x00001618                LPUART_WriteBlocking
 .text.LPUART_ReadBlocking
                0x00001668       0xd8 ./drivers/fsl_lpuart.o
                0x00001668                LPUART_ReadBlocking
 .text.LPUART0_DriverIRQHandler
                0x00001740       0x24 ./drivers/fsl_lpuart.o
                0x00001740                LPUART0_DriverIRQHandler
 .text.LPUART1_DriverIRQHandler
                0x00001764       0x24 ./drivers/fsl_lpuart.o
                0x00001764                LPUART1_DriverIRQHandler
 .text.LPUART2_DriverIRQHandler
                0x00001788       0x24 ./drivers/fsl_lpuart.o
                0x00001788                LPUART2_DriverIRQHandler
 .text.CLOCK_EnableClock
                0x000017ac       0x34 ./drivers/fsl_rtc.o
 .text.RTC_CheckDatetimeFormat
                0x000017e0       0xdc ./drivers/fsl_rtc.o
 .text.RTC_ConvertDatetimeToSeconds
                0x000018bc       0xf0 ./drivers/fsl_rtc.o
 .text.RTC_ConvertSecondsToDatetime
                0x000019ac      0x15c ./drivers/fsl_rtc.o
 .text.RTC_Init
                0x00001b08       0xbc ./drivers/fsl_rtc.o
                0x00001b08                RTC_Init
 .text.RTC_GetDefaultConfig
                0x00001bc4       0x4c ./drivers/fsl_rtc.o
                0x00001bc4                RTC_GetDefaultConfig
 .text.RTC_SetDatetime
                0x00001c10       0x50 ./drivers/fsl_rtc.o
                0x00001c10                RTC_SetDatetime
 .text.RTC_GetDatetime
                0x00001c60       0x3c ./drivers/fsl_rtc.o
                0x00001c60                RTC_GetDatetime
 .text.SystemInit
                0x00001c9c       0x38 ./device/system_MKL28Z7.o
                0x00001c9c                SystemInit
 .text.HAL_UartGetStatus
                0x00001cd4       0x20 ./component/uart/lpuart_adapter.o
 .text.HAL_UartInit
                0x00001cf4      0x11c ./component/uart/lpuart_adapter.o
                0x00001cf4                HAL_UartInit
 .text.HAL_UartReceiveBlocking
                0x00001e10       0x78 ./component/uart/lpuart_adapter.o
                0x00001e10                HAL_UartReceiveBlocking
 .text.HAL_UartSendBlocking
                0x00001e88       0x6c ./component/uart/lpuart_adapter.o
                0x00001e88                HAL_UartSendBlocking
 .text.SerialManager_StartWriting
                0x00001ef4       0x50 ./component/serial_manager/serial_manager.o
 .text.SerialManager_StartReading
                0x00001f44       0x50 ./component/serial_manager/serial_manager.o
 .text.SerialManager_Write
                0x00001f94       0x74 ./component/serial_manager/serial_manager.o
 .text.SerialManager_Read
                0x00002008       0x74 ./component/serial_manager/serial_manager.o
 .text.SerialManager_Init
                0x0000207c       0x88 ./component/serial_manager/serial_manager.o
                0x0000207c                SerialManager_Init
 .text.SerialManager_OpenWriteHandle
                0x00002104       0x5c ./component/serial_manager/serial_manager.o
                0x00002104                SerialManager_OpenWriteHandle
 .text.SerialManager_OpenReadHandle
                0x00002160       0x68 ./component/serial_manager/serial_manager.o
                0x00002160                SerialManager_OpenReadHandle
 .text.Serial_UartInit
                0x000021c8       0x94 ./component/serial_manager/serial_port_uart.o
                0x000021c8                Serial_UartInit
 .text.Serial_UartWrite
                0x0000225c       0x5c ./component/serial_manager/serial_port_uart.o
                0x0000225c                Serial_UartWrite
 .text.Serial_UartRead
                0x000022b8       0x5c ./component/serial_manager/serial_port_uart.o
                0x000022b8                Serial_UartRead
 .text.CLOCK_SetIpSrc
                0x00002314       0x74 ./board/board.o
 .text.BOARD_InitDebugConsole
                0x00002388       0x38 ./board/board.o
                0x00002388                BOARD_InitDebugConsole
 .text.CLOCK_SetRunModeSysClkConfig
                0x000023c0       0x30 ./board/clock_config.o
 .text.CLOCK_SetHsrunModeSysClkConfig
                0x000023f0       0x30 ./board/clock_config.o
 .text.CLOCK_GetCurSysClkConfig
                0x00002420       0x30 ./board/clock_config.o
 .text.CLOCK_SetXtal0Freq
                0x00002450       0x1c ./board/clock_config.o
 .text.CLOCK_CONFIG_SetScgOutSel
                0x0000246c       0x28 ./board/clock_config.o
 .text.BOARD_BootClockHSRUN
                0x00002494       0xa8 ./board/clock_config.o
                0x00002494                BOARD_BootClockHSRUN
 .text.CLOCK_EnableClock
                0x0000253c       0x34 ./board/pin_mux.o
 .text.PORT_SetPinConfig
                0x00002570       0x38 ./board/pin_mux.o
 .text.BOARD_InitDEBUG_UARTPins
                0x000025a8       0x64 ./board/pin_mux.o
                0x000025a8                BOARD_InitDEBUG_UARTPins
 .text.__assertion_failed
                0x0000260c       0x50 c:/nxp/mcuxpressoide_11.9.1_2170/ide/plugins/com.nxp.mcuxpresso.tools.win32_11.9.1.202402080819/tools/bin/../lib/gcc/arm-none-eabi/12.3.1/../../../../arm-none-eabi/lib/thumb/v6-m/nofp\libcr_nohost_nf.a(_cr_assert.o)
                0x0000260c                __assertion_failed
 .text._deferredlazyseek
                0x0000265c       0x40 c:/nxp/mcuxpressoide_11.9.1_2170/ide/plugins/com.nxp.mcuxpresso.tools.win32_11.9.1.202402080819/tools/bin/../lib/gcc/arm-none-eabi/12.3.1/../../../../arm-none-eabi/lib/thumb/v6-m/nofp\libcr_c.a(_deferredlazyseek.o)
                0x0000265c                _deferredlazyseek
 .text.__flsbuf
                0x0000269c      0x150 c:/nxp/mcuxpressoide_11.9.1_2170/ide/plugins/com.nxp.mcuxpresso.tools.win32_11.9.1.202402080819/tools/bin/../lib/gcc/arm-none-eabi/12.3.1/../../../../arm-none-eabi/lib/thumb/v6-m/nofp\libcr_c.a(_deferredlazyseek.o)
                0x0000269c                __flsbuf
 .text._fflush  0x000027ec       0x5c c:/nxp/mcuxpressoide_11.9.1_2170/ide/plugins/com.nxp.mcuxpresso.tools.win32_11.9.1.202402080819/tools/bin/../lib/gcc/arm-none-eabi/12.3.1/../../../../arm-none-eabi/lib/thumb/v6-m/nofp\libcr_c.a(_fflush.o)
                0x000027ec                _fflush
 .text._Cwritebuf
                0x00002848       0x68 c:/nxp/mcuxpressoide_11.9.1_2170/ide/plugins/com.nxp.mcuxpresso.tools.win32_11.9.1.202402080819/tools/bin/../lib/gcc/arm-none-eabi/12.3.1/../../../../arm-none-eabi/lib/thumb/v6-m/nofp\libcr_c.a(_writebuf.o)
                0x00002848                _Cwritebuf
 .text.malloc   0x000028b0       0xdc c:/nxp/mcuxpressoide_11.9.1_2170/ide/plugins/com.nxp.mcuxpresso.tools.win32_11.9.1.202402080819/tools/bin/../lib/gcc/arm-none-eabi/12.3.1/../../../../arm-none-eabi/lib/thumb/v6-m/nofp\libcr_c.a(alloc.o)
                0x000028b0                malloc
 .text._Csys_alloc
                0x0000298c       0x20 c:/nxp/mcuxpressoide_11.9.1_2170/ide/plugins/com.nxp.mcuxpresso.tools.win32_11.9.1.202402080819/tools/bin/../lib/gcc/arm-none-eabi/12.3.1/../../../../arm-none-eabi/lib/thumb/v6-m/nofp\libcr_c.a(alloc.o)
                0x0000298c                _Csys_alloc
 .text.fseek    0x000029ac       0xec c:/nxp/mcuxpressoide_11.9.1_2170/ide/plugins/com.nxp.mcuxpresso.tools.win32_11.9.1.202402080819/tools/bin/../lib/gcc/arm-none-eabi/12.3.1/../../../../arm-none-eabi/lib/thumb/v6-m/nofp\libcr_c.a(fseek.o)
                0x000029ac                fseek
 .text.ftell    0x00002a98       0x4c c:/nxp/mcuxpressoide_11.9.1_2170/ide/plugins/com.nxp.mcuxpresso.tools.win32_11.9.1.202402080819/tools/bin/../lib/gcc/arm-none-eabi/12.3.1/../../../../arm-none-eabi/lib/thumb/v6-m/nofp\libcr_c.a(ftell.o)
                0x00002a98                ftell
 .text._initio  0x00002ae4       0x7c c:/nxp/mcuxpressoide_11.9.1_2170/ide/plugins/com.nxp.mcuxpresso.tools.win32_11.9.1.202402080819/tools/bin/../lib/gcc/arm-none-eabi/12.3.1/../../../../arm-none-eabi/lib/thumb/v6-m/nofp\libcr_c.a(initio.o)
                0x00002ae4                _initio
 .text.setvbuf  0x00002b60       0x4c c:/nxp/mcuxpressoide_11.9.1_2170/ide/plugins/com.nxp.mcuxpresso.tools.win32_11.9.1.202402080819/tools/bin/../lib/gcc/arm-none-eabi/12.3.1/../../../../arm-none-eabi/lib/thumb/v6-m/nofp\libcr_c.a(setvbuf.o)
                0x00002b60                setvbuf
 .text.strlen   0x00002bac       0x5c c:/nxp/mcuxpressoide_11.9.1_2170/ide/plugins/com.nxp.mcuxpresso.tools.win32_11.9.1.202402080819/tools/bin/../lib/gcc/arm-none-eabi/12.3.1/../../../../arm-none-eabi/lib/thumb/v6-m/nofp\libcr_c.a(strlen.o)
                0x00002bac                strlen
 .text._sbrk    0x00002c08       0x44 c:/nxp/mcuxpressoide_11.9.1_2170/ide/plugins/com.nxp.mcuxpresso.tools.win32_11.9.1.202402080819/tools/bin/../lib/gcc/arm-none-eabi/12.3.1/../../../../arm-none-eabi/lib/thumb/v6-m/nofp\libcr_c.a(_cr_sbrk.o)
                0x00002c08                _sbrk
 .text._fdopen  0x00002c4c       0x74 c:/nxp/mcuxpressoide_11.9.1_2170/ide/plugins/com.nxp.mcuxpresso.tools.win32_11.9.1.202402080819/tools/bin/../lib/gcc/arm-none-eabi/12.3.1/../../../../arm-none-eabi/lib/thumb/v6-m/nofp\libcr_c.a(_fdopen.o)
                0x00002c4c                _fdopen
 .text.fclose   0x00002cc0       0x5c c:/nxp/mcuxpressoide_11.9.1_2170/ide/plugins/com.nxp.mcuxpresso.tools.win32_11.9.1.202402080819/tools/bin/../lib/gcc/arm-none-eabi/12.3.1/../../../../arm-none-eabi/lib/thumb/v6-m/nofp\libcr_c.a(fclose.o)
                0x00002cc0                fclose
 .text.fflush   0x00002d1c       0x40 c:/nxp/mcuxpressoide_11.9.1_2170/ide/plugins/com.nxp.mcuxpresso.tools.win32_11.9.1.202402080819/tools/bin/../lib/gcc/arm-none-eabi/12.3.1/../../../../arm-none-eabi/lib/thumb/v6-m/nofp\libcr_c.a(fflush.o)
                0x00002d1c                fflush
 .text.__check_heap_overflow
                0x00002d5c       0x18 c:/nxp/mcuxpressoide_11.9.1_2170/ide/plugins/com.nxp.mcuxpresso.tools.win32_11.9.1.202402080819/tools/bin/../lib/gcc/arm-none-eabi/12.3.1/../../../../arm-none-eabi/lib/thumb/v6-m/nofp\libcr_c.a(_cr_check_heap.o)
                0x00002d5c                __check_heap_overflow
 .text._do_fflush
                0x00002d74       0x48 c:/nxp/mcuxpressoide_11.9.1_2170/ide/plugins/com.nxp.mcuxpresso.tools.win32_11.9.1.202402080819/tools/bin/../lib/gcc/arm-none-eabi/12.3.1/../../../../arm-none-eabi/lib/thumb/v6-m/nofp\libcr_c.a(_do_fflush.o)
                0x00002d74                _do_fflush
 .text.DbgConsole_PrintCallback
                0x00002dbc       0x6c ./utilities/fsl_debug_console.o
 .text.DbgConsole_Getchar
                0x00002e28       0x20 ./utilities/fsl_debug_console.o
                0x00002e28                DbgConsole_Getchar
 .text.ConvertRadixNumToString
                0x00002e48      0x114 ./utilities/fsl_str.o
 .text.StrFormatPrintf
                0x00002f5c      0x324 ./utilities/fsl_str.o
                0x00002f5c                StrFormatPrintf
 .text.RTC_StartTimer
                0x00003280       0x1c ./source/tp1.o
 .text.RTC_StopTimer
                0x0000329c       0x1e ./source/tp1.o
 .text.LPUART_SoftwareReset
                0x000032ba       0x2a ./drivers/fsl_lpuart.o
 .text.LPUART_GetStatusFlags
                0x000032e4       0x28 ./drivers/fsl_lpuart.o
                0x000032e4                LPUART_GetStatusFlags
 .text.RTC_Reset
                0x0000330c       0x30 ./drivers/fsl_rtc.o
 .text.RTC_GetStatusFlags
                0x0000333c       0x52 ./drivers/fsl_rtc.o
                0x0000333c                RTC_GetStatusFlags
 .text.SMC_SetPowerModeHsrun
                0x0000338e       0x3c ./drivers/fsl_smc.o
                0x0000338e                SMC_SetPowerModeHsrun
 .text.SystemInitHook
                0x000033ca        0xa ./device/system_MKL28Z7.o
                0x000033ca                SystemInitHook
 .text.SerialManager_WriteBlocking
                0x000033d4       0x22 ./component/serial_manager/serial_manager.o
                0x000033d4                SerialManager_WriteBlocking
 .text.SerialManager_ReadBlocking
                0x000033f6       0x22 ./component/serial_manager/serial_manager.o
                0x000033f6                SerialManager_ReadBlocking
 .text.SMC_SetPowerModeProtection
                0x00003418       0x1e ./board/clock_config.o
 .text.SMC_GetPowerModeState
                0x00003436       0x16 ./board/clock_config.o
 .text.CLOCK_CONFIG_FircSafeConfig
                0x0000344c       0xdc ./board/clock_config.o
 .text.BOARD_InitBootClocks
                0x00003528        0xe ./board/clock_config.o
                0x00003528                BOARD_InitBootClocks
 .text.BOARD_InitBootPeripherals
                0x00003536        0xa ./board/peripherals.o
                0x00003536                BOARD_InitBootPeripherals
 .text.BOARD_InitBootPins
                0x00003540       0x12 ./board/pin_mux.o
                0x00003540                BOARD_InitBootPins
 .text.BOARD_InitPins
                0x00003552        0xa ./board/pin_mux.o
                0x00003552                BOARD_InitPins
 .text.__main   0x0000355c        0xc c:/nxp/mcuxpressoide_11.9.1_2170/ide/plugins/com.nxp.mcuxpresso.tools.win32_11.9.1.202402080819/tools/bin/../lib/gcc/arm-none-eabi/12.3.1/../../../../arm-none-eabi/lib/thumb/v6-m/nofp\libcr_nohost_nf.a(_cr__main.o)
                0x0000355c                __main
 .text.__sys_appexit
                0x00003568        0x2 c:/nxp/mcuxpressoide_11.9.1_2170/ide/plugins/com.nxp.mcuxpresso.tools.win32_11.9.1.202402080819/tools/bin/../lib/gcc/arm-none-eabi/12.3.1/../../../../arm-none-eabi/lib/thumb/v6-m/nofp\libcr_nohost_nf.a(__sys_appexit.o)
                0x00003568                __sys_appexit
                0x00003568                __exit
 .text.memset   0x0000356a        0x8 c:/nxp/mcuxpressoide_11.9.1_2170/ide/plugins/com.nxp.mcuxpresso.tools.win32_11.9.1.202402080819/tools/bin/../lib/gcc/arm-none-eabi/12.3.1/../../../../arm-none-eabi/lib/thumb/v6-m/nofp\libcr_c.a(memset.o)
                0x0000356a                memset
 .text.free     0x00003572       0x2c c:/nxp/mcuxpressoide_11.9.1_2170/ide/plugins/com.nxp.mcuxpresso.tools.win32_11.9.1.202402080819/tools/bin/../lib/gcc/arm-none-eabi/12.3.1/../../../../arm-none-eabi/lib/thumb/v6-m/nofp\libcr_c.a(alloc.o)
                0x00003572                free
 .text.fputs    0x0000359e       0x2e c:/nxp/mcuxpressoide_11.9.1_2170/ide/plugins/com.nxp.mcuxpresso.tools.win32_11.9.1.202402080819/tools/bin/../lib/gcc/arm-none-eabi/12.3.1/../../../../arm-none-eabi/lib/thumb/v6-m/nofp\libcr_c.a(fputs.o)
                0x0000359e                fputs
 .text.remove   0x000035cc       0x12 c:/nxp/mcuxpressoide_11.9.1_2170/ide/plugins/com.nxp.mcuxpresso.tools.win32_11.9.1.202402080819/tools/bin/../lib/gcc/arm-none-eabi/12.3.1/../../../../arm-none-eabi/lib/thumb/v6-m/nofp\libcr_c.a(remove.o)
                0x000035cc                remove
 .text.__aeabi_division_idivmod
                0x000035de       0x78 c:/nxp/mcuxpressoide_11.9.1_2170/ide/plugins/com.nxp.mcuxpresso.tools.win32_11.9.1.202402080819/tools/bin/../lib/gcc/arm-none-eabi/12.3.1/thumb/v6-m/nofp\libcr_eabihelpers.a(division_32.o)
                0x000035de                __aeabi_idivmod
                0x000035de                __aeabi_idiv
                0x000035e4                __aeabi_uidivmod
                0x000035e4                __aeabi_uidiv
 .text.__aeabi_division_idiv0
                0x00003656        0x2 c:/nxp/mcuxpressoide_11.9.1_2170/ide/plugins/com.nxp.mcuxpresso.tools.win32_11.9.1.202402080819/tools/bin/../lib/gcc/arm-none-eabi/12.3.1/thumb/v6-m/nofp\libcr_eabihelpers.a(division_idiv0.o)
                0x00003656                __aeabi_idiv0
 .text.__aeabi_memset_lowlevel
                0x00003658       0x2a c:/nxp/mcuxpressoide_11.9.1_2170/ide/plugins/com.nxp.mcuxpresso.tools.win32_11.9.1.202402080819/tools/bin/../lib/gcc/arm-none-eabi/12.3.1/thumb/v6-m/nofp\libcr_eabihelpers.a(memcpy.o)
                0x00003658                __aeabi_lowlevel_memset
 .text.__sys_close
                0x00003682        0x6 c:/nxp/mcuxpressoide_11.9.1_2170/ide/plugins/com.nxp.mcuxpresso.tools.win32_11.9.1.202402080819/tools/bin/../lib/gcc/arm-none-eabi/12.3.1/../../../../arm-none-eabi/lib/thumb/v6-m/nofp\libcr_nohost_nf.a(__sys_close.o)
                0x00003682                __sys_close
 .text.__sys_flen
                0x00003688        0x6 c:/nxp/mcuxpressoide_11.9.1_2170/ide/plugins/com.nxp.mcuxpresso.tools.win32_11.9.1.202402080819/tools/bin/../lib/gcc/arm-none-eabi/12.3.1/../../../../arm-none-eabi/lib/thumb/v6-m/nofp\libcr_nohost_nf.a(__sys_flen.o)
                0x00003688                __sys_flen
 .text.__sys_istty
                0x0000368e        0x6 c:/nxp/mcuxpressoide_11.9.1_2170/ide/plugins/com.nxp.mcuxpresso.tools.win32_11.9.1.202402080819/tools/bin/../lib/gcc/arm-none-eabi/12.3.1/../../../../arm-none-eabi/lib/thumb/v6-m/nofp\libcr_nohost_nf.a(__sys_istty.o)
                0x0000368e                __sys_istty
 .text.__sys_remove
                0x00003694        0x6 c:/nxp/mcuxpressoide_11.9.1_2170/ide/plugins/com.nxp.mcuxpresso.tools.win32_11.9.1.202402080819/tools/bin/../lib/gcc/arm-none-eabi/12.3.1/../../../../arm-none-eabi/lib/thumb/v6-m/nofp\libcr_nohost_nf.a(__sys_remove.o)
                0x00003694                __sys_remove
 .text.__sys_seek
                0x0000369a        0x6 c:/nxp/mcuxpressoide_11.9.1_2170/ide/plugins/com.nxp.mcuxpresso.tools.win32_11.9.1.202402080819/tools/bin/../lib/gcc/arm-none-eabi/12.3.1/../../../../arm-none-eabi/lib/thumb/v6-m/nofp\libcr_nohost_nf.a(__sys_seek.o)
                0x0000369a                __sys_seek
 .text.__sys_tmpnam
                0x000036a0        0x6 c:/nxp/mcuxpressoide_11.9.1_2170/ide/plugins/com.nxp.mcuxpresso.tools.win32_11.9.1.202402080819/tools/bin/../lib/gcc/arm-none-eabi/12.3.1/../../../../arm-none-eabi/lib/thumb/v6-m/nofp\libcr_nohost_nf.a(__sys_tmpnam.o)
                0x000036a0                __sys_tmpnam
 .text.__sys_write
                0x000036a6        0x4 c:/nxp/mcuxpressoide_11.9.1_2170/ide/plugins/com.nxp.mcuxpresso.tools.win32_11.9.1.202402080819/tools/bin/../lib/gcc/arm-none-eabi/12.3.1/../../../../arm-none-eabi/lib/thumb/v6-m/nofp\libcr_nohost_nf.a(__sys_write.o)
                0x000036a6                __sys_write
 *(SORT_BY_ALIGNMENT(.rodata) SORT_BY_ALIGNMENT(.rodata.*) SORT_BY_ALIGNMENT(.constdata) SORT_BY_ALIGNMENT(.constdata.*))
 *fill*         0x000036aa        0x2 ff
 .rodata.DbgConsole_SendData.str1.4
                0x000036ac       0x4c ./utilities/fsl_debug_console.o
 .rodata.DbgConsole_ReadCharacter.str1.4
                0x000036f8       0x1d ./utilities/fsl_debug_console.o
 *fill*         0x00003715        0x3 ff
 .rodata.DbgConsole_Init.str1.4
                0x00003718       0xca ./utilities/fsl_debug_console.o
 *fill*         0x000037e2        0x2 ff
 .rodata.main.str1.4
                0x000037e4       0xde ./source/tp1.o
 *fill*         0x000038c2        0x2 ff
 .rodata.CLOCK_GetIpFreq.str1.4
                0x000038c4       0x2b ./drivers/fsl_clock.o
 *fill*         0x000038ef        0x1 ff
 .rodata.CLOCK_InitSysOsc.str1.4
                0x000038f0       0x19 ./drivers/fsl_clock.o
 *fill*         0x00003909        0x3 ff
 .rodata.CLOCK_GetSysOscFreq.str1.4
                0x0000390c       0x1e ./drivers/fsl_clock.o
 *fill*         0x0000392a        0x2 ff
 .rodata.CLOCK_InitSirc.str1.4
                0x0000392c       0x19 ./drivers/fsl_clock.o
 *fill*         0x00003945        0x3 ff
 .rodata.CLOCK_InitFirc.str1.4
                0x00003948       0x19 ./drivers/fsl_clock.o
 *fill*         0x00003961        0x3 ff
 .rodata.CLOCK_InitSysPll.str1.4
                0x00003964       0x1a ./drivers/fsl_clock.o
 *fill*         0x0000397e        0x2 ff
 .rodata.sircFreq.1
                0x00003980        0x8 ./drivers/fsl_clock.o
 .rodata.fircFreq.0
                0x00003988       0x10 ./drivers/fsl_clock.o
 .rodata.CLOCK_EnableClock.str1.4
                0x00003998       0x1a ./drivers/fsl_lpuart.o
                                 0x44 (size before relaxing)
 .rodata.s_lpuartBases
                0x00003998        0xc ./drivers/fsl_lpuart.o
 .rodata.s_lpuartClock
                0x000039a4        0xc ./drivers/fsl_lpuart.o
 .rodata.LPUART_GetInstance.str1.4
                0x000039b0       0x38 ./drivers/fsl_lpuart.o
 .rodata.LPUART_Init.str1.4
                0x000039e8       0xea ./drivers/fsl_lpuart.o
 *fill*         0x00003ad2        0x2 ff
 .rodata.LPUART_GetDefaultConfig.str1.4
                0x00003ad4       0x1a ./drivers/fsl_lpuart.o
 *fill*         0x00003aee        0x2 ff
 .rodata.LPUART_WriteBlocking.str1.4
                0x00003af0       0x18 ./drivers/fsl_lpuart.o
 .rodata.LPUART_ReadBlocking.str1.4
                0x00003b08       0x18 ./drivers/fsl_lpuart.o
 .rodata.CLOCK_EnableClock.str1.4
                0x00003b20       0x44 ./drivers/fsl_rtc.o
 .rodata.RTC_CheckDatetimeFormat.str1.4
                0x00003b20       0x18 ./drivers/fsl_rtc.o
 .rodata        0x00003b38       0x2a ./drivers/fsl_rtc.o
 *fill*         0x00003b62        0x2 ff
 .rodata.RTC_ConvertDatetimeToSeconds.str1.4
                0x00003b64       0x18 ./drivers/fsl_rtc.o
 .rodata.RTC_ConvertSecondsToDatetime.str1.4
                0x00003b7c       0x19 ./drivers/fsl_rtc.o
 *fill*         0x00003b95        0x3 ff
 .rodata.RTC_Init.str1.4
                0x00003b98       0x17 ./drivers/fsl_rtc.o
 *fill*         0x00003baf        0x1 ff
 .rodata.RTC_GetDefaultConfig.str1.4
                0x00003bb0       0x17 ./drivers/fsl_rtc.o
 *fill*         0x00003bc7        0x1 ff
 .rodata.RTC_SetDatetime.str1.4
                0x00003bc8       0x19 ./drivers/fsl_rtc.o
 *fill*         0x00003be1        0x3 ff
 .rodata.RTC_GetDatetime.str1.4
                0x00003be4       0x19 ./drivers/fsl_rtc.o
 *fill*         0x00003bfd        0x3 ff
 .rodata.s_LpuartAdapterBase
                0x00003c00        0xc ./component/uart/lpuart_adapter.o
 .rodata.HAL_UartInit.str1.4
                0x00003c0c       0xdd ./component/uart/lpuart_adapter.o
 *fill*         0x00003ce9        0x3 ff
 .rodata.HAL_UartReceiveBlocking.str1.4
                0x00003cec       0x5a ./component/uart/lpuart_adapter.o
 *fill*         0x00003d46        0x2 ff
 .rodata.HAL_UartSendBlocking.str1.4
                0x00003d48       0x5a ./component/uart/lpuart_adapter.o
 *fill*         0x00003da2        0x2 ff
 .rodata.SerialManager_Write.str1.4
                0x00003da4       0x82 ./component/serial_manager/serial_manager.o
 *fill*         0x00003e26        0x2 ff
 .rodata.SerialManager_Read.str1.4
                0x00003e28       0x82 ./component/serial_manager/serial_manager.o
 *fill*         0x00003eaa        0x2 ff
 .rodata.SerialManager_Init.str1.4
                0x00003eac       0x44 ./component/serial_manager/serial_manager.o
 .rodata.SerialManager_OpenWriteHandle.str1.4
                0x00003ef0       0x47 ./component/serial_manager/serial_manager.o
 *fill*         0x00003f37        0x1 ff
 .rodata.SerialManager_OpenReadHandle.str1.4
                0x00003f38       0x46 ./component/serial_manager/serial_manager.o
 *fill*         0x00003f7e        0x2 ff
 .rodata.Serial_UartInit.str1.4
                0x00003f80       0x4e ./component/serial_manager/serial_port_uart.o
 *fill*         0x00003fce        0x2 ff
 .rodata.Serial_UartWrite.str1.4
                0x00003fd0       0x68 ./component/serial_manager/serial_port_uart.o
 .rodata.Serial_UartRead.str1.4
                0x00004038       0x68 ./component/serial_manager/serial_port_uart.o
 .rodata.CLOCK_SetIpSrc.str1.4
                0x000040a0       0x95 ./board/board.o
 *fill*         0x00004135        0x3 ff
 .rodata.CLOCK_SetRunModeSysClkConfig.str1.4
                0x00004138       0x35 ./board/clock_config.o
 *fill*         0x0000416d        0x3 ff
 .rodata.CLOCK_SetHsrunModeSysClkConfig.str1.4
                0x00004170       0x35 ./board/clock_config.o
 *fill*         0x000041a5        0x3 ff
 .rodata.CLOCK_GetCurSysClkConfig.str1.4
                0x000041a8       0x35 ./board/clock_config.o
 *fill*         0x000041dd        0x3 ff
 .rodata.g_sysClkConfig_BOARD_BootClockHSRUN
                0x000041e0        0x4 ./board/clock_config.o
                0x000041e0                g_sysClkConfig_BOARD_BootClockHSRUN
 .rodata.g_scgSysOscConfig_BOARD_BootClockHSRUN
                0x000041e4       0x14 ./board/clock_config.o
                0x000041e4                g_scgSysOscConfig_BOARD_BootClockHSRUN
 .rodata.g_scgSircConfig_BOARD_BootClockHSRUN
                0x000041f8        0x8 ./board/clock_config.o
                0x000041f8                g_scgSircConfig_BOARD_BootClockHSRUN
 .rodata.g_scgFircConfig_BOARD_BootClockHSRUN
                0x00004200        0xc ./board/clock_config.o
                0x00004200                g_scgFircConfig_BOARD_BootClockHSRUN
 .rodata.g_scgSysPllConfig_BOARD_BootClockHSRUN
                0x0000420c       0x10 ./board/clock_config.o
                0x0000420c                g_scgSysPllConfig_BOARD_BootClockHSRUN
 .rodata.CLOCK_EnableClock.str1.4
                0x0000421c       0x60 ./board/pin_mux.o
 .rodata.PORT_SetPinConfig.str1.4
                0x0000427c       0x34 ./board/pin_mux.o
 .rodata.__num_Ciob_streams
                0x000042b0        0x4 c:/nxp/mcuxpressoide_11.9.1_2170/ide/plugins/com.nxp.mcuxpresso.tools.win32_11.9.1.202402080819/tools/bin/../lib/gcc/arm-none-eabi/12.3.1/../../../../arm-none-eabi/lib/thumb/v6-m/nofp\libcr_nohost_nf.a(__ciob.o)
                0x000042b0                __num_Ciob_streams
 .rodata.__assertion_failed.str1.1
                0x000042b4       0x15 c:/nxp/mcuxpressoide_11.9.1_2170/ide/plugins/com.nxp.mcuxpresso.tools.win32_11.9.1.202402080819/tools/bin/../lib/gcc/arm-none-eabi/12.3.1/../../../../arm-none-eabi/lib/thumb/v6-m/nofp\libcr_nohost_nf.a(_cr_assert.o)
 .rodata._Csys_alloc.str1.1
                0x000042c9       0x18 c:/nxp/mcuxpressoide_11.9.1_2170/ide/plugins/com.nxp.mcuxpresso.tools.win32_11.9.1.202402080819/tools/bin/../lib/gcc/arm-none-eabi/12.3.1/../../../../arm-none-eabi/lib/thumb/v6-m/nofp\libcr_c.a(alloc.o)
 .rodata._initio.str1.1
                0x000042e1        0x4 c:/nxp/mcuxpressoide_11.9.1_2170/ide/plugins/com.nxp.mcuxpresso.tools.win32_11.9.1.202402080819/tools/bin/../lib/gcc/arm-none-eabi/12.3.1/../../../../arm-none-eabi/lib/thumb/v6-m/nofp\libcr_c.a(initio.o)
                0x000042e8                        . = ALIGN (0x4)
 *fill*         0x000042e5        0x3 ff

.glue_7         0x000042e8        0x0
 .glue_7        0x000042e8        0x0 linker stubs

.glue_7t        0x000042e8        0x0
 .glue_7t       0x000042e8        0x0 linker stubs

.vfp11_veneer   0x000042e8        0x0
 .vfp11_veneer  0x000042e8        0x0 linker stubs

.v4_bx          0x000042e8        0x0
 .v4_bx         0x000042e8        0x0 linker stubs

.iplt           0x000042e8        0x0
 .iplt          0x000042e8        0x0 ./utilities/fsl_debug_console.o

.rel.dyn        0x000042e8        0x0
 .rel.iplt      0x000042e8        0x0 ./utilities/fsl_debug_console.o

.ARM.extab
 *(SORT_BY_ALIGNMENT(.ARM.extab*) SORT_BY_ALIGNMENT(.gnu.linkonce.armextab.*))

.ARM.exidx      0x000042e8        0x0
                0x000042e8                        __exidx_start = .
 *(SORT_BY_ALIGNMENT(.ARM.exidx*) SORT_BY_ALIGNMENT(.gnu.linkonce.armexidx.*))
                0x000042e8                        __exidx_end = .
                0x000042e8                        _etext = .

.m_usb_data
 *(SORT_BY_ALIGNMENT(m_usb_bdt))
 *(SORT_BY_ALIGNMENT(m_usb_global))

.mtb_buffer_RAM2
 *(SORT_BY_ALIGNMENT(.mtb.$RAM2*))
 *(SORT_BY_ALIGNMENT(.mtb.$USB_RAM*))

.data_RAM2      0x40100000        0x0 load address 0x000042e8
 FILL mask 0xff
                [!provide]                        PROVIDE (__start_data_RAM2 = .)
                [!provide]                        PROVIDE (__start_data_USB_RAM = .)
 *(SORT_BY_ALIGNMENT(.ramfunc.$RAM2))
 *(SORT_BY_ALIGNMENT(.ramfunc.$USB_RAM))
 *(SORT_BY_ALIGNMENT(.data.$RAM2))
 *(SORT_BY_ALIGNMENT(.data.$USB_RAM))
 *(SORT_BY_ALIGNMENT(.data.$RAM2.*))
 *(SORT_BY_ALIGNMENT(.data.$USB_RAM.*))
                0x40100000                        . = ALIGN (0x4)
                [!provide]                        PROVIDE (__end_data_RAM2 = .)
                [!provide]                        PROVIDE (__end_data_USB_RAM = .)

.mtb_buffer_default
                0x1fff8000       0x80
 *(SORT_BY_ALIGNMENT(.mtb*))
 .mtb.$RAM1     0x1fff8000       0x80 ./source/mtb.o
                0x1fff8000                __mtb_buffer__

.uninit_RESERVED
                0x1fff8080        0x0
                0x1fff8080                        _start_uninit_RESERVED = .
 *(SORT_BY_ALIGNMENT(.bss.$RESERVED*))
                0x1fff8080                        . = ALIGN (0x4)
                0x1fff8080                        _end_uninit_RESERVED = .

.data           0x1fff8080        0x4 load address 0x000042e8
 FILL mask 0xff
                0x1fff8080                        _data = .
                [!provide]                        PROVIDE (__start_data_RAM = .)
                [!provide]                        PROVIDE (__start_data_SRAM = .)
 *(SORT_BY_ALIGNMENT(vtable))
 *(SORT_BY_ALIGNMENT(.ramfunc*))
 *(SORT_BY_ALIGNMENT(CodeQuickAccess))
 *(SORT_BY_ALIGNMENT(DataQuickAccess))
 *(SORT_BY_ALIGNMENT(RamFunction))
 *(SORT_BY_ALIGNMENT(.data*))
 .data.SystemCoreClock
                0x1fff8080        0x4 ./device/system_MKL28Z7.o
                0x1fff8080                SystemCoreClock
                0x1fff8084                        . = ALIGN (0x4)
                0x1fff8084                        _edata = .
                [!provide]                        PROVIDE (__end_data_RAM = .)
                [!provide]                        PROVIDE (__end_data_SRAM = .)

.igot.plt       0x1fff8084        0x0 load address 0x000042ec
 .igot.plt      0x1fff8084        0x0 ./utilities/fsl_debug_console.o

.bss_RAM2       0x40100000        0x0
                [!provide]                        PROVIDE (__start_bss_RAM2 = .)
                [!provide]                        PROVIDE (__start_bss_USB_RAM = .)
 *(SORT_BY_ALIGNMENT(.bss.$RAM2))
 *(SORT_BY_ALIGNMENT(.bss.$USB_RAM))
 *(SORT_BY_ALIGNMENT(.bss.$RAM2.*))
 *(SORT_BY_ALIGNMENT(.bss.$USB_RAM.*))
                0x40100000                        . = ALIGN ((. != 0x0)?0x4:0x1)
                [!provide]                        PROVIDE (__end_bss_RAM2 = .)
                [!provide]                        PROVIDE (__end_bss_USB_RAM = .)

.bss            0x1fff8084       0xf4
                0x1fff8084                        _bss = .
                [!provide]                        PROVIDE (__start_bss_RAM = .)
                [!provide]                        PROVIDE (__start_bss_SRAM = .)
 *(SORT_BY_ALIGNMENT(.bss*))
 .bss.s_debugConsoleState
                0x1fff8084       0x1c ./utilities/fsl_debug_console.o
 .bss.g_serialHandle
                0x1fff80a0        0x4 ./utilities/fsl_debug_console.o
                0x1fff80a0                g_serialHandle
 .bss.g_xtal0Freq
                0x1fff80a4        0x4 ./drivers/fsl_clock.o
                0x1fff80a4                g_xtal0Freq
 .bss.s_lpuartHandle
                0x1fff80a8        0xc ./drivers/fsl_lpuart.o
 .bss.s_lpuartIsr
                0x1fff80b4        0x4 ./drivers/fsl_lpuart.o
 .bss.__Ciob    0x1fff80b8       0xb4 c:/nxp/mcuxpressoide_11.9.1_2170/ide/plugins/com.nxp.mcuxpresso.tools.win32_11.9.1.202402080819/tools/bin/../lib/gcc/arm-none-eabi/12.3.1/../../../../arm-none-eabi/lib/thumb/v6-m/nofp\libcr_nohost_nf.a(__ciob.o)
                0x1fff80b8                __Ciob
 .bss.__end_of_heap
                0x1fff816c        0x4 c:/nxp/mcuxpressoide_11.9.1_2170/ide/plugins/com.nxp.mcuxpresso.tools.win32_11.9.1.202402080819/tools/bin/../lib/gcc/arm-none-eabi/12.3.1/../../../../arm-none-eabi/lib/thumb/v6-m/nofp\libcr_c.a(__init_alloc.o)
                0x1fff816c                __end_of_heap
 .bss.__heaps   0x1fff8170        0x4 c:/nxp/mcuxpressoide_11.9.1_2170/ide/plugins/com.nxp.mcuxpresso.tools.win32_11.9.1.202402080819/tools/bin/../lib/gcc/arm-none-eabi/12.3.1/../../../../arm-none-eabi/lib/thumb/v6-m/nofp\libcr_c.a(__init_alloc.o)
                0x1fff8170                __heaps
 .bss.errno     0x1fff8174        0x4 c:/nxp/mcuxpressoide_11.9.1_2170/ide/plugins/com.nxp.mcuxpresso.tools.win32_11.9.1.202402080819/tools/bin/../lib/gcc/arm-none-eabi/12.3.1/../../../../arm-none-eabi/lib/thumb/v6-m/nofp\libcr_c.a(errno.o)
                0x1fff8174                errno
 *(SORT_BY_ALIGNMENT(COMMON))
                0x1fff8178                        . = ALIGN (0x4)
                0x1fff8178                        _ebss = .
                [!provide]                        PROVIDE (__end_bss_RAM = .)
                [!provide]                        PROVIDE (__end_bss_SRAM = .)
                [!provide]                        PROVIDE (end = .)

.noinit_RAM2    0x40100000        0x0
                [!provide]                        PROVIDE (__start_noinit_RAM2 = .)
                [!provide]                        PROVIDE (__start_noinit_USB_RAM = .)
 *(SORT_BY_ALIGNMENT(.noinit.$RAM2))
 *(SORT_BY_ALIGNMENT(.noinit.$USB_RAM))
 *(SORT_BY_ALIGNMENT(.noinit.$RAM2.*))
 *(SORT_BY_ALIGNMENT(.noinit.$USB_RAM.*))
                0x40100000                        . = ALIGN (0x4)
                [!provide]                        PROVIDE (__end_noinit_RAM2 = .)
                [!provide]                        PROVIDE (__end_noinit_USB_RAM = .)

.noinit         0x1fff8178        0x0
                0x1fff8178                        _noinit = .
                [!provide]                        PROVIDE (__start_noinit_RAM = .)
                [!provide]                        PROVIDE (__start_noinit_SRAM = .)
 *(SORT_BY_ALIGNMENT(.noinit*))
                0x1fff8178                        . = ALIGN (0x4)
                0x1fff8178                        _end_noinit = .
                [!provide]                        PROVIDE (__end_noinit_RAM = .)
                [!provide]                        PROVIDE (__end_noinit_SRAM = .)
                0x00001000                        _HeapSize = 0x1000

.heap           0x1fff8178     0x1000
                0x1fff8178                        _pvHeapStart = .
                0x1fff9178                        . = (. + _HeapSize)
 *fill*         0x1fff8178     0x1000 
                0x1fff9178                        . = ALIGN (0x4)
                0x1fff9178                        _pvHeapLimit = .
                0x00001000                        _StackSize = 0x1000

.heap2stackfill
                0x1fff9178     0x1000
                0x1fffa178                        . = (. + _StackSize)
 *fill*         0x1fff9178     0x1000 

.stack          0x20017000        0x0
                0x20017000                        _vStackBase = .
                0x20017000                        . = ALIGN (0x4)
                0x20018000                        _vStackTop = (. + _StackSize)
                0x00000000                        _image_start = LOADADDR (.text)
                0x000042ec                        _image_end = (LOADADDR (.data) + SIZEOF (.data))
                0x000042ec                        _image_size = (_image_end - _image_start)
OUTPUT(tp1.axf elf32-littlearm)
LOAD linker stubs

.debug_info     0x00000000     0xc344
 .debug_info    0x00000000      0xaa6 ./utilities/fsl_debug_console.o
 .debug_info    0x00000aa6      0x50d ./utilities/fsl_str.o
 .debug_info    0x00000fb3      0x8b2 ./startup/startup_mkl28z7.o
 .debug_info    0x00001865       0x53 ./source/mtb.o
 .debug_info    0x000018b8       0x3c ./source/semihost_hardfault.o
 .debug_info    0x000018f4      0x364 ./source/tp1.o
 .debug_info    0x00001c58     0x1505 ./drivers/fsl_clock.o
 .debug_info    0x0000315d     0x18dd ./drivers/fsl_lpuart.o
 .debug_info    0x00004a3a      0x8b5 ./drivers/fsl_rtc.o
 .debug_info    0x000052ef      0xaae ./drivers/fsl_smc.o
 .debug_info    0x00005d9d      0x364 ./device/system_MKL28Z7.o
 .debug_info    0x00006101      0xa0d ./component/uart/lpuart_adapter.o
 .debug_info    0x00006b0e      0x79c ./component/serial_manager/serial_manager.o
 .debug_info    0x000072aa      0x536 ./component/serial_manager/serial_port_uart.o
 .debug_info    0x000077e0      0x347 ./board/board.o
 .debug_info    0x00007b27      0xf77 ./board/clock_config.o
 .debug_info    0x00008a9e       0x3c ./board/peripherals.o
 .debug_info    0x00008ada      0x934 ./board/pin_mux.o
 .debug_info    0x0000940e       0x85 c:/nxp/mcuxpressoide_11.9.1_2170/ide/plugins/com.nxp.mcuxpresso.tools.win32_11.9.1.202402080819/tools/bin/../lib/gcc/arm-none-eabi/12.3.1/../../../../arm-none-eabi/lib/thumb/v6-m/nofp\libcr_nohost_nf.a(_cr__main.o)
 .debug_info    0x00009493      0x240 c:/nxp/mcuxpressoide_11.9.1_2170/ide/plugins/com.nxp.mcuxpresso.tools.win32_11.9.1.202402080819/tools/bin/../lib/gcc/arm-none-eabi/12.3.1/../../../../arm-none-eabi/lib/thumb/v6-m/nofp\libcr_nohost_nf.a(_cr_assert.o)
 .debug_info    0x000096d3      0x18b c:/nxp/mcuxpressoide_11.9.1_2170/ide/plugins/com.nxp.mcuxpresso.tools.win32_11.9.1.202402080819/tools/bin/../lib/gcc/arm-none-eabi/12.3.1/../../../../arm-none-eabi/lib/thumb/v6-m/nofp\libcr_nohost_nf.a(__ciob.o)
 .debug_info    0x0000985e       0x38 c:/nxp/mcuxpressoide_11.9.1_2170/ide/plugins/com.nxp.mcuxpresso.tools.win32_11.9.1.202402080819/tools/bin/../lib/gcc/arm-none-eabi/12.3.1/../../../../arm-none-eabi/lib/thumb/v6-m/nofp\libcr_nohost_nf.a(__sys_appexit.o)
 .debug_info    0x00009896       0xe3 c:/nxp/mcuxpressoide_11.9.1_2170/ide/plugins/com.nxp.mcuxpresso.tools.win32_11.9.1.202402080819/tools/bin/../lib/gcc/arm-none-eabi/12.3.1/../../../../arm-none-eabi/lib/thumb/v6-m/nofp\libcr_c.a(memset.o)
 .debug_info    0x00009979      0x35d c:/nxp/mcuxpressoide_11.9.1_2170/ide/plugins/com.nxp.mcuxpresso.tools.win32_11.9.1.202402080819/tools/bin/../lib/gcc/arm-none-eabi/12.3.1/../../../../arm-none-eabi/lib/thumb/v6-m/nofp\libcr_c.a(_deferredlazyseek.o)
 .debug_info    0x00009cd6      0x1e3 c:/nxp/mcuxpressoide_11.9.1_2170/ide/plugins/com.nxp.mcuxpresso.tools.win32_11.9.1.202402080819/tools/bin/../lib/gcc/arm-none-eabi/12.3.1/../../../../arm-none-eabi/lib/thumb/v6-m/nofp\libcr_c.a(_fflush.o)
 .debug_info    0x00009eb9      0x283 c:/nxp/mcuxpressoide_11.9.1_2170/ide/plugins/com.nxp.mcuxpresso.tools.win32_11.9.1.202402080819/tools/bin/../lib/gcc/arm-none-eabi/12.3.1/../../../../arm-none-eabi/lib/thumb/v6-m/nofp\libcr_c.a(_writebuf.o)
 .debug_info    0x0000a13c      0x50c c:/nxp/mcuxpressoide_11.9.1_2170/ide/plugins/com.nxp.mcuxpresso.tools.win32_11.9.1.202402080819/tools/bin/../lib/gcc/arm-none-eabi/12.3.1/../../../../arm-none-eabi/lib/thumb/v6-m/nofp\libcr_c.a(alloc.o)
 .debug_info    0x0000a648      0x1e0 c:/nxp/mcuxpressoide_11.9.1_2170/ide/plugins/com.nxp.mcuxpresso.tools.win32_11.9.1.202402080819/tools/bin/../lib/gcc/arm-none-eabi/12.3.1/../../../../arm-none-eabi/lib/thumb/v6-m/nofp\libcr_c.a(fputs.o)
 .debug_info    0x0000a828      0x278 c:/nxp/mcuxpressoide_11.9.1_2170/ide/plugins/com.nxp.mcuxpresso.tools.win32_11.9.1.202402080819/tools/bin/../lib/gcc/arm-none-eabi/12.3.1/../../../../arm-none-eabi/lib/thumb/v6-m/nofp\libcr_c.a(fseek.o)
 .debug_info    0x0000aaa0      0x190 c:/nxp/mcuxpressoide_11.9.1_2170/ide/plugins/com.nxp.mcuxpresso.tools.win32_11.9.1.202402080819/tools/bin/../lib/gcc/arm-none-eabi/12.3.1/../../../../arm-none-eabi/lib/thumb/v6-m/nofp\libcr_c.a(ftell.o)
 .debug_info    0x0000ac30      0x353 c:/nxp/mcuxpressoide_11.9.1_2170/ide/plugins/com.nxp.mcuxpresso.tools.win32_11.9.1.202402080819/tools/bin/../lib/gcc/arm-none-eabi/12.3.1/../../../../arm-none-eabi/lib/thumb/v6-m/nofp\libcr_c.a(initio.o)
 .debug_info    0x0000af83      0x1f6 c:/nxp/mcuxpressoide_11.9.1_2170/ide/plugins/com.nxp.mcuxpresso.tools.win32_11.9.1.202402080819/tools/bin/../lib/gcc/arm-none-eabi/12.3.1/../../../../arm-none-eabi/lib/thumb/v6-m/nofp\libcr_c.a(setvbuf.o)
 .debug_info    0x0000b179       0xd6 c:/nxp/mcuxpressoide_11.9.1_2170/ide/plugins/com.nxp.mcuxpresso.tools.win32_11.9.1.202402080819/tools/bin/../lib/gcc/arm-none-eabi/12.3.1/../../../../arm-none-eabi/lib/thumb/v6-m/nofp\libcr_c.a(strlen.o)
 .debug_info    0x0000b24f       0xd4 c:/nxp/mcuxpressoide_11.9.1_2170/ide/plugins/com.nxp.mcuxpresso.tools.win32_11.9.1.202402080819/tools/bin/../lib/gcc/arm-none-eabi/12.3.1/../../../../arm-none-eabi/lib/thumb/v6-m/nofp\libcr_c.a(__init_alloc.o)
 .debug_info    0x0000b323      0x100 c:/nxp/mcuxpressoide_11.9.1_2170/ide/plugins/com.nxp.mcuxpresso.tools.win32_11.9.1.202402080819/tools/bin/../lib/gcc/arm-none-eabi/12.3.1/../../../../arm-none-eabi/lib/thumb/v6-m/nofp\libcr_c.a(_cr_sbrk.o)
 .debug_info    0x0000b423      0x244 c:/nxp/mcuxpressoide_11.9.1_2170/ide/plugins/com.nxp.mcuxpresso.tools.win32_11.9.1.202402080819/tools/bin/../lib/gcc/arm-none-eabi/12.3.1/../../../../arm-none-eabi/lib/thumb/v6-m/nofp\libcr_c.a(_fdopen.o)
 .debug_info    0x0000b667       0x44 c:/nxp/mcuxpressoide_11.9.1_2170/ide/plugins/com.nxp.mcuxpresso.tools.win32_11.9.1.202402080819/tools/bin/../lib/gcc/arm-none-eabi/12.3.1/../../../../arm-none-eabi/lib/thumb/v6-m/nofp\libcr_c.a(errno.o)
 .debug_info    0x0000b6ab      0x31e c:/nxp/mcuxpressoide_11.9.1_2170/ide/plugins/com.nxp.mcuxpresso.tools.win32_11.9.1.202402080819/tools/bin/../lib/gcc/arm-none-eabi/12.3.1/../../../../arm-none-eabi/lib/thumb/v6-m/nofp\libcr_c.a(fclose.o)
 .debug_info    0x0000b9c9      0x203 c:/nxp/mcuxpressoide_11.9.1_2170/ide/plugins/com.nxp.mcuxpresso.tools.win32_11.9.1.202402080819/tools/bin/../lib/gcc/arm-none-eabi/12.3.1/../../../../arm-none-eabi/lib/thumb/v6-m/nofp\libcr_c.a(fflush.o)
 .debug_info    0x0000bbcc      0x1c9 c:/nxp/mcuxpressoide_11.9.1_2170/ide/plugins/com.nxp.mcuxpresso.tools.win32_11.9.1.202402080819/tools/bin/../lib/gcc/arm-none-eabi/12.3.1/../../../../arm-none-eabi/lib/thumb/v6-m/nofp\libcr_c.a(remove.o)
 .debug_info    0x0000bd95       0x71 c:/nxp/mcuxpressoide_11.9.1_2170/ide/plugins/com.nxp.mcuxpresso.tools.win32_11.9.1.202402080819/tools/bin/../lib/gcc/arm-none-eabi/12.3.1/../../../../arm-none-eabi/lib/thumb/v6-m/nofp\libcr_c.a(_cr_check_heap.o)
 .debug_info    0x0000be06      0x23a c:/nxp/mcuxpressoide_11.9.1_2170/ide/plugins/com.nxp.mcuxpresso.tools.win32_11.9.1.202402080819/tools/bin/../lib/gcc/arm-none-eabi/12.3.1/../../../../arm-none-eabi/lib/thumb/v6-m/nofp\libcr_c.a(_do_fflush.o)
 .debug_info    0x0000c040       0x5c c:/nxp/mcuxpressoide_11.9.1_2170/ide/plugins/com.nxp.mcuxpresso.tools.win32_11.9.1.202402080819/tools/bin/../lib/gcc/arm-none-eabi/12.3.1/../../../../arm-none-eabi/lib/thumb/v6-m/nofp\libcr_nohost_nf.a(__sys_close.o)
 .debug_info    0x0000c09c       0x5c c:/nxp/mcuxpressoide_11.9.1_2170/ide/plugins/com.nxp.mcuxpresso.tools.win32_11.9.1.202402080819/tools/bin/../lib/gcc/arm-none-eabi/12.3.1/../../../../arm-none-eabi/lib/thumb/v6-m/nofp\libcr_nohost_nf.a(__sys_flen.o)
 .debug_info    0x0000c0f8       0x5c c:/nxp/mcuxpressoide_11.9.1_2170/ide/plugins/com.nxp.mcuxpresso.tools.win32_11.9.1.202402080819/tools/bin/../lib/gcc/arm-none-eabi/12.3.1/../../../../arm-none-eabi/lib/thumb/v6-m/nofp\libcr_nohost_nf.a(__sys_istty.o)
 .debug_info    0x0000c154       0x7c c:/nxp/mcuxpressoide_11.9.1_2170/ide/plugins/com.nxp.mcuxpresso.tools.win32_11.9.1.202402080819/tools/bin/../lib/gcc/arm-none-eabi/12.3.1/../../../../arm-none-eabi/lib/thumb/v6-m/nofp\libcr_nohost_nf.a(__sys_remove.o)
 .debug_info    0x0000c1d0       0x6a c:/nxp/mcuxpressoide_11.9.1_2170/ide/plugins/com.nxp.mcuxpresso.tools.win32_11.9.1.202402080819/tools/bin/../lib/gcc/arm-none-eabi/12.3.1/../../../../arm-none-eabi/lib/thumb/v6-m/nofp\libcr_nohost_nf.a(__sys_seek.o)
 .debug_info    0x0000c23a       0x85 c:/nxp/mcuxpressoide_11.9.1_2170/ide/plugins/com.nxp.mcuxpresso.tools.win32_11.9.1.202402080819/tools/bin/../lib/gcc/arm-none-eabi/12.3.1/../../../../arm-none-eabi/lib/thumb/v6-m/nofp\libcr_nohost_nf.a(__sys_tmpnam.o)
 .debug_info    0x0000c2bf       0x85 c:/nxp/mcuxpressoide_11.9.1_2170/ide/plugins/com.nxp.mcuxpresso.tools.win32_11.9.1.202402080819/tools/bin/../lib/gcc/arm-none-eabi/12.3.1/../../../../arm-none-eabi/lib/thumb/v6-m/nofp\libcr_nohost_nf.a(__sys_write.o)

.debug_abbrev   0x00000000     0x3947
 .debug_abbrev  0x00000000      0x220 ./utilities/fsl_debug_console.o
 .debug_abbrev  0x00000220      0x1ad ./utilities/fsl_str.o
 .debug_abbrev  0x000003cd      0x17a ./startup/startup_mkl28z7.o
 .debug_abbrev  0x00000547       0x46 ./source/mtb.o
 .debug_abbrev  0x0000058d       0x31 ./source/semihost_hardfault.o
 .debug_abbrev  0x000005be      0x187 ./source/tp1.o
 .debug_abbrev  0x00000745      0x2ca ./drivers/fsl_clock.o
 .debug_abbrev  0x00000a0f      0x32b ./drivers/fsl_lpuart.o
 .debug_abbrev  0x00000d3a      0x28d ./drivers/fsl_rtc.o
 .debug_abbrev  0x00000fc7      0x31b ./drivers/fsl_smc.o
 .debug_abbrev  0x000012e2      0x148 ./device/system_MKL28Z7.o
 .debug_abbrev  0x0000142a      0x1c9 ./component/uart/lpuart_adapter.o
 .debug_abbrev  0x000015f3      0x17a ./component/serial_manager/serial_manager.o
 .debug_abbrev  0x0000176d      0x164 ./component/serial_manager/serial_port_uart.o
 .debug_abbrev  0x000018d1      0x155 ./board/board.o
 .debug_abbrev  0x00001a26      0x2fe ./board/clock_config.o
 .debug_abbrev  0x00001d24       0x31 ./board/peripherals.o
 .debug_abbrev  0x00001d55      0x2ae ./board/pin_mux.o
 .debug_abbrev  0x00002003       0x62 c:/nxp/mcuxpressoide_11.9.1_2170/ide/plugins/com.nxp.mcuxpresso.tools.win32_11.9.1.202402080819/tools/bin/../lib/gcc/arm-none-eabi/12.3.1/../../../../arm-none-eabi/lib/thumb/v6-m/nofp\libcr_nohost_nf.a(_cr__main.o)
 .debug_abbrev  0x00002065      0x12c c:/nxp/mcuxpressoide_11.9.1_2170/ide/plugins/com.nxp.mcuxpresso.tools.win32_11.9.1.202402080819/tools/bin/../lib/gcc/arm-none-eabi/12.3.1/../../../../arm-none-eabi/lib/thumb/v6-m/nofp\libcr_nohost_nf.a(_cr_assert.o)
 .debug_abbrev  0x00002191       0xb5 c:/nxp/mcuxpressoide_11.9.1_2170/ide/plugins/com.nxp.mcuxpresso.tools.win32_11.9.1.202402080819/tools/bin/../lib/gcc/arm-none-eabi/12.3.1/../../../../arm-none-eabi/lib/thumb/v6-m/nofp\libcr_nohost_nf.a(__ciob.o)
 .debug_abbrev  0x00002246       0x2e c:/nxp/mcuxpressoide_11.9.1_2170/ide/plugins/com.nxp.mcuxpresso.tools.win32_11.9.1.202402080819/tools/bin/../lib/gcc/arm-none-eabi/12.3.1/../../../../arm-none-eabi/lib/thumb/v6-m/nofp\libcr_nohost_nf.a(__sys_appexit.o)
 .debug_abbrev  0x00002274       0xa5 c:/nxp/mcuxpressoide_11.9.1_2170/ide/plugins/com.nxp.mcuxpresso.tools.win32_11.9.1.202402080819/tools/bin/../lib/gcc/arm-none-eabi/12.3.1/../../../../arm-none-eabi/lib/thumb/v6-m/nofp\libcr_c.a(memset.o)
 .debug_abbrev  0x00002319      0x147 c:/nxp/mcuxpressoide_11.9.1_2170/ide/plugins/com.nxp.mcuxpresso.tools.win32_11.9.1.202402080819/tools/bin/../lib/gcc/arm-none-eabi/12.3.1/../../../../arm-none-eabi/lib/thumb/v6-m/nofp\libcr_c.a(_deferredlazyseek.o)
 .debug_abbrev  0x00002460       0xf1 c:/nxp/mcuxpressoide_11.9.1_2170/ide/plugins/com.nxp.mcuxpresso.tools.win32_11.9.1.202402080819/tools/bin/../lib/gcc/arm-none-eabi/12.3.1/../../../../arm-none-eabi/lib/thumb/v6-m/nofp\libcr_c.a(_fflush.o)
 .debug_abbrev  0x00002551      0x126 c:/nxp/mcuxpressoide_11.9.1_2170/ide/plugins/com.nxp.mcuxpresso.tools.win32_11.9.1.202402080819/tools/bin/../lib/gcc/arm-none-eabi/12.3.1/../../../../arm-none-eabi/lib/thumb/v6-m/nofp\libcr_c.a(_writebuf.o)
 .debug_abbrev  0x00002677      0x27b c:/nxp/mcuxpressoide_11.9.1_2170/ide/plugins/com.nxp.mcuxpresso.tools.win32_11.9.1.202402080819/tools/bin/../lib/gcc/arm-none-eabi/12.3.1/../../../../arm-none-eabi/lib/thumb/v6-m/nofp\libcr_c.a(alloc.o)
 .debug_abbrev  0x000028f2      0x10c c:/nxp/mcuxpressoide_11.9.1_2170/ide/plugins/com.nxp.mcuxpresso.tools.win32_11.9.1.202402080819/tools/bin/../lib/gcc/arm-none-eabi/12.3.1/../../../../arm-none-eabi/lib/thumb/v6-m/nofp\libcr_c.a(fputs.o)
 .debug_abbrev  0x000029fe      0x11b c:/nxp/mcuxpressoide_11.9.1_2170/ide/plugins/com.nxp.mcuxpresso.tools.win32_11.9.1.202402080819/tools/bin/../lib/gcc/arm-none-eabi/12.3.1/../../../../arm-none-eabi/lib/thumb/v6-m/nofp\libcr_c.a(fseek.o)
 .debug_abbrev  0x00002b19       0xc2 c:/nxp/mcuxpressoide_11.9.1_2170/ide/plugins/com.nxp.mcuxpresso.tools.win32_11.9.1.202402080819/tools/bin/../lib/gcc/arm-none-eabi/12.3.1/../../../../arm-none-eabi/lib/thumb/v6-m/nofp\libcr_c.a(ftell.o)
 .debug_abbrev  0x00002bdb      0x14b c:/nxp/mcuxpressoide_11.9.1_2170/ide/plugins/com.nxp.mcuxpresso.tools.win32_11.9.1.202402080819/tools/bin/../lib/gcc/arm-none-eabi/12.3.1/../../../../arm-none-eabi/lib/thumb/v6-m/nofp\libcr_c.a(initio.o)
 .debug_abbrev  0x00002d26       0xe1 c:/nxp/mcuxpressoide_11.9.1_2170/ide/plugins/com.nxp.mcuxpresso.tools.win32_11.9.1.202402080819/tools/bin/../lib/gcc/arm-none-eabi/12.3.1/../../../../arm-none-eabi/lib/thumb/v6-m/nofp\libcr_c.a(setvbuf.o)
 .debug_abbrev  0x00002e07       0xa5 c:/nxp/mcuxpressoide_11.9.1_2170/ide/plugins/com.nxp.mcuxpresso.tools.win32_11.9.1.202402080819/tools/bin/../lib/gcc/arm-none-eabi/12.3.1/../../../../arm-none-eabi/lib/thumb/v6-m/nofp\libcr_c.a(strlen.o)
 .debug_abbrev  0x00002eac       0xaf c:/nxp/mcuxpressoide_11.9.1_2170/ide/plugins/com.nxp.mcuxpresso.tools.win32_11.9.1.202402080819/tools/bin/../lib/gcc/arm-none-eabi/12.3.1/../../../../arm-none-eabi/lib/thumb/v6-m/nofp\libcr_c.a(__init_alloc.o)
 .debug_abbrev  0x00002f5b       0xd3 c:/nxp/mcuxpressoide_11.9.1_2170/ide/plugins/com.nxp.mcuxpresso.tools.win32_11.9.1.202402080819/tools/bin/../lib/gcc/arm-none-eabi/12.3.1/../../../../arm-none-eabi/lib/thumb/v6-m/nofp\libcr_c.a(_cr_sbrk.o)
 .debug_abbrev  0x0000302e      0x119 c:/nxp/mcuxpressoide_11.9.1_2170/ide/plugins/com.nxp.mcuxpresso.tools.win32_11.9.1.202402080819/tools/bin/../lib/gcc/arm-none-eabi/12.3.1/../../../../arm-none-eabi/lib/thumb/v6-m/nofp\libcr_c.a(_fdopen.o)
 .debug_abbrev  0x00003147       0x44 c:/nxp/mcuxpressoide_11.9.1_2170/ide/plugins/com.nxp.mcuxpresso.tools.win32_11.9.1.202402080819/tools/bin/../lib/gcc/arm-none-eabi/12.3.1/../../../../arm-none-eabi/lib/thumb/v6-m/nofp\libcr_c.a(errno.o)
 .debug_abbrev  0x0000318b      0x158 c:/nxp/mcuxpressoide_11.9.1_2170/ide/plugins/com.nxp.mcuxpresso.tools.win32_11.9.1.202402080819/tools/bin/../lib/gcc/arm-none-eabi/12.3.1/../../../../arm-none-eabi/lib/thumb/v6-m/nofp\libcr_c.a(fclose.o)
 .debug_abbrev  0x000032e3      0x122 c:/nxp/mcuxpressoide_11.9.1_2170/ide/plugins/com.nxp.mcuxpresso.tools.win32_11.9.1.202402080819/tools/bin/../lib/gcc/arm-none-eabi/12.3.1/../../../../arm-none-eabi/lib/thumb/v6-m/nofp\libcr_c.a(fflush.o)
 .debug_abbrev  0x00003405       0xed c:/nxp/mcuxpressoide_11.9.1_2170/ide/plugins/com.nxp.mcuxpresso.tools.win32_11.9.1.202402080819/tools/bin/../lib/gcc/arm-none-eabi/12.3.1/../../../../arm-none-eabi/lib/thumb/v6-m/nofp\libcr_c.a(remove.o)
 .debug_abbrev  0x000034f2       0x6b c:/nxp/mcuxpressoide_11.9.1_2170/ide/plugins/com.nxp.mcuxpresso.tools.win32_11.9.1.202402080819/tools/bin/../lib/gcc/arm-none-eabi/12.3.1/../../../../arm-none-eabi/lib/thumb/v6-m/nofp\libcr_c.a(_cr_check_heap.o)
 .debug_abbrev  0x0000355d      0x12c c:/nxp/mcuxpressoide_11.9.1_2170/ide/plugins/com.nxp.mcuxpresso.tools.win32_11.9.1.202402080819/tools/bin/../lib/gcc/arm-none-eabi/12.3.1/../../../../arm-none-eabi/lib/thumb/v6-m/nofp\libcr_c.a(_do_fflush.o)
 .debug_abbrev  0x00003689       0x51 c:/nxp/mcuxpressoide_11.9.1_2170/ide/plugins/com.nxp.mcuxpresso.tools.win32_11.9.1.202402080819/tools/bin/../lib/gcc/arm-none-eabi/12.3.1/../../../../arm-none-eabi/lib/thumb/v6-m/nofp\libcr_nohost_nf.a(__sys_close.o)
 .debug_abbrev  0x000036da       0x51 c:/nxp/mcuxpressoide_11.9.1_2170/ide/plugins/com.nxp.mcuxpresso.tools.win32_11.9.1.202402080819/tools/bin/../lib/gcc/arm-none-eabi/12.3.1/../../../../arm-none-eabi/lib/thumb/v6-m/nofp\libcr_nohost_nf.a(__sys_flen.o)
 .debug_abbrev  0x0000372b       0x51 c:/nxp/mcuxpressoide_11.9.1_2170/ide/plugins/com.nxp.mcuxpresso.tools.win32_11.9.1.202402080819/tools/bin/../lib/gcc/arm-none-eabi/12.3.1/../../../../arm-none-eabi/lib/thumb/v6-m/nofp\libcr_nohost_nf.a(__sys_istty.o)
 .debug_abbrev  0x0000377c       0x7d c:/nxp/mcuxpressoide_11.9.1_2170/ide/plugins/com.nxp.mcuxpresso.tools.win32_11.9.1.202402080819/tools/bin/../lib/gcc/arm-none-eabi/12.3.1/../../../../arm-none-eabi/lib/thumb/v6-m/nofp\libcr_nohost_nf.a(__sys_remove.o)
 .debug_abbrev  0x000037f9       0x62 c:/nxp/mcuxpressoide_11.9.1_2170/ide/plugins/com.nxp.mcuxpresso.tools.win32_11.9.1.202402080819/tools/bin/../lib/gcc/arm-none-eabi/12.3.1/../../../../arm-none-eabi/lib/thumb/v6-m/nofp\libcr_nohost_nf.a(__sys_seek.o)
 .debug_abbrev  0x0000385b       0x76 c:/nxp/mcuxpressoide_11.9.1_2170/ide/plugins/com.nxp.mcuxpresso.tools.win32_11.9.1.202402080819/tools/bin/../lib/gcc/arm-none-eabi/12.3.1/../../../../arm-none-eabi/lib/thumb/v6-m/nofp\libcr_nohost_nf.a(__sys_tmpnam.o)
 .debug_abbrev  0x000038d1       0x76 c:/nxp/mcuxpressoide_11.9.1_2170/ide/plugins/com.nxp.mcuxpresso.tools.win32_11.9.1.202402080819/tools/bin/../lib/gcc/arm-none-eabi/12.3.1/../../../../arm-none-eabi/lib/thumb/v6-m/nofp\libcr_nohost_nf.a(__sys_write.o)

.debug_aranges  0x00000000      0xd10
 .debug_aranges
                0x00000000       0x78 ./utilities/fsl_debug_console.o
 .debug_aranges
                0x00000078       0x38 ./utilities/fsl_str.o
 .debug_aranges
                0x000000b0      0x1f8 ./startup/startup_mkl28z7.o
 .debug_aranges
                0x000002a8       0x18 ./source/mtb.o
 .debug_aranges
                0x000002c0       0x20 ./source/semihost_hardfault.o
 .debug_aranges
                0x000002e0       0x30 ./source/tp1.o
 .debug_aranges
                0x00000310      0x120 ./drivers/fsl_clock.o
 .debug_aranges
                0x00000430      0x130 ./drivers/fsl_lpuart.o
 .debug_aranges
                0x00000560       0x98 ./drivers/fsl_rtc.o
 .debug_aranges
                0x000005f8       0xa0 ./drivers/fsl_smc.o
 .debug_aranges
                0x00000698       0x30 ./device/system_MKL28Z7.o
 .debug_aranges
                0x000006c8       0x40 ./component/uart/lpuart_adapter.o
 .debug_aranges
                0x00000708       0x88 ./component/serial_manager/serial_manager.o
 .debug_aranges
                0x00000790       0x38 ./component/serial_manager/serial_port_uart.o
 .debug_aranges
                0x000007c8       0x28 ./board/board.o
 .debug_aranges
                0x000007f0       0x70 ./board/clock_config.o
 .debug_aranges
                0x00000860       0x20 ./board/peripherals.o
 .debug_aranges
                0x00000880       0x88 ./board/pin_mux.o
 .debug_aranges
                0x00000908       0x20 c:/nxp/mcuxpressoide_11.9.1_2170/ide/plugins/com.nxp.mcuxpresso.tools.win32_11.9.1.202402080819/tools/bin/../lib/gcc/arm-none-eabi/12.3.1/../../../../arm-none-eabi/lib/thumb/v6-m/nofp\libcr_nohost_nf.a(_cr__main.o)
 .debug_aranges
                0x00000928       0x20 c:/nxp/mcuxpressoide_11.9.1_2170/ide/plugins/com.nxp.mcuxpresso.tools.win32_11.9.1.202402080819/tools/bin/../lib/gcc/arm-none-eabi/12.3.1/../../../../arm-none-eabi/lib/thumb/v6-m/nofp\libcr_nohost_nf.a(_cr_assert.o)
 .debug_aranges
                0x00000948       0x18 c:/nxp/mcuxpressoide_11.9.1_2170/ide/plugins/com.nxp.mcuxpresso.tools.win32_11.9.1.202402080819/tools/bin/../lib/gcc/arm-none-eabi/12.3.1/../../../../arm-none-eabi/lib/thumb/v6-m/nofp\libcr_nohost_nf.a(__ciob.o)
 .debug_aranges
                0x00000960       0x20 c:/nxp/mcuxpressoide_11.9.1_2170/ide/plugins/com.nxp.mcuxpresso.tools.win32_11.9.1.202402080819/tools/bin/../lib/gcc/arm-none-eabi/12.3.1/../../../../arm-none-eabi/lib/thumb/v6-m/nofp\libcr_nohost_nf.a(__sys_appexit.o)
 .debug_aranges
                0x00000980       0x20 c:/nxp/mcuxpressoide_11.9.1_2170/ide/plugins/com.nxp.mcuxpresso.tools.win32_11.9.1.202402080819/tools/bin/../lib/gcc/arm-none-eabi/12.3.1/../../../../arm-none-eabi/lib/thumb/v6-m/nofp\libcr_c.a(memset.o)
 .debug_aranges
                0x000009a0       0x28 c:/nxp/mcuxpressoide_11.9.1_2170/ide/plugins/com.nxp.mcuxpresso.tools.win32_11.9.1.202402080819/tools/bin/../lib/gcc/arm-none-eabi/12.3.1/../../../../arm-none-eabi/lib/thumb/v6-m/nofp\libcr_c.a(_deferredlazyseek.o)
 .debug_aranges
                0x000009c8       0x20 c:/nxp/mcuxpressoide_11.9.1_2170/ide/plugins/com.nxp.mcuxpresso.tools.win32_11.9.1.202402080819/tools/bin/../lib/gcc/arm-none-eabi/12.3.1/../../../../arm-none-eabi/lib/thumb/v6-m/nofp\libcr_c.a(_fflush.o)
 .debug_aranges
                0x000009e8       0x20 c:/nxp/mcuxpressoide_11.9.1_2170/ide/plugins/com.nxp.mcuxpresso.tools.win32_11.9.1.202402080819/tools/bin/../lib/gcc/arm-none-eabi/12.3.1/../../../../arm-none-eabi/lib/thumb/v6-m/nofp\libcr_c.a(_writebuf.o)
 .debug_aranges
                0x00000a08       0x40 c:/nxp/mcuxpressoide_11.9.1_2170/ide/plugins/com.nxp.mcuxpresso.tools.win32_11.9.1.202402080819/tools/bin/../lib/gcc/arm-none-eabi/12.3.1/../../../../arm-none-eabi/lib/thumb/v6-m/nofp\libcr_c.a(alloc.o)
 .debug_aranges
                0x00000a48       0x20 c:/nxp/mcuxpressoide_11.9.1_2170/ide/plugins/com.nxp.mcuxpresso.tools.win32_11.9.1.202402080819/tools/bin/../lib/gcc/arm-none-eabi/12.3.1/../../../../arm-none-eabi/lib/thumb/v6-m/nofp\libcr_c.a(fputs.o)
 .debug_aranges
                0x00000a68       0x20 c:/nxp/mcuxpressoide_11.9.1_2170/ide/plugins/com.nxp.mcuxpresso.tools.win32_11.9.1.202402080819/tools/bin/../lib/gcc/arm-none-eabi/12.3.1/../../../../arm-none-eabi/lib/thumb/v6-m/nofp\libcr_c.a(fseek.o)
 .debug_aranges
                0x00000a88       0x20 c:/nxp/mcuxpressoide_11.9.1_2170/ide/plugins/com.nxp.mcuxpresso.tools.win32_11.9.1.202402080819/tools/bin/../lib/gcc/arm-none-eabi/12.3.1/../../../../arm-none-eabi/lib/thumb/v6-m/nofp\libcr_c.a(ftell.o)
 .debug_aranges
                0x00000aa8       0x28 c:/nxp/mcuxpressoide_11.9.1_2170/ide/plugins/com.nxp.mcuxpresso.tools.win32_11.9.1.202402080819/tools/bin/../lib/gcc/arm-none-eabi/12.3.1/../../../../arm-none-eabi/lib/thumb/v6-m/nofp\libcr_c.a(initio.o)
 .debug_aranges
                0x00000ad0       0x20 c:/nxp/mcuxpressoide_11.9.1_2170/ide/plugins/com.nxp.mcuxpresso.tools.win32_11.9.1.202402080819/tools/bin/../lib/gcc/arm-none-eabi/12.3.1/../../../../arm-none-eabi/lib/thumb/v6-m/nofp\libcr_c.a(setvbuf.o)
 .debug_aranges
                0x00000af0       0x20 c:/nxp/mcuxpressoide_11.9.1_2170/ide/plugins/com.nxp.mcuxpresso.tools.win32_11.9.1.202402080819/tools/bin/../lib/gcc/arm-none-eabi/12.3.1/../../../../arm-none-eabi/lib/thumb/v6-m/nofp\libcr_c.a(strlen.o)
 .debug_aranges
                0x00000b10       0x20 c:/nxp/mcuxpressoide_11.9.1_2170/ide/plugins/com.nxp.mcuxpresso.tools.win32_11.9.1.202402080819/tools/bin/../lib/gcc/arm-none-eabi/12.3.1/../../../../arm-none-eabi/lib/thumb/v6-m/nofp\libcr_c.a(__init_alloc.o)
 .debug_aranges
                0x00000b30       0x20 c:/nxp/mcuxpressoide_11.9.1_2170/ide/plugins/com.nxp.mcuxpresso.tools.win32_11.9.1.202402080819/tools/bin/../lib/gcc/arm-none-eabi/12.3.1/../../../../arm-none-eabi/lib/thumb/v6-m/nofp\libcr_c.a(_cr_sbrk.o)
 .debug_aranges
                0x00000b50       0x20 c:/nxp/mcuxpressoide_11.9.1_2170/ide/plugins/com.nxp.mcuxpresso.tools.win32_11.9.1.202402080819/tools/bin/../lib/gcc/arm-none-eabi/12.3.1/../../../../arm-none-eabi/lib/thumb/v6-m/nofp\libcr_c.a(_fdopen.o)
 .debug_aranges
                0x00000b70       0x18 c:/nxp/mcuxpressoide_11.9.1_2170/ide/plugins/com.nxp.mcuxpresso.tools.win32_11.9.1.202402080819/tools/bin/../lib/gcc/arm-none-eabi/12.3.1/../../../../arm-none-eabi/lib/thumb/v6-m/nofp\libcr_c.a(errno.o)
 .debug_aranges
                0x00000b88       0x20 c:/nxp/mcuxpressoide_11.9.1_2170/ide/plugins/com.nxp.mcuxpresso.tools.win32_11.9.1.202402080819/tools/bin/../lib/gcc/arm-none-eabi/12.3.1/../../../../arm-none-eabi/lib/thumb/v6-m/nofp\libcr_c.a(fclose.o)
 .debug_aranges
                0x00000ba8       0x20 c:/nxp/mcuxpressoide_11.9.1_2170/ide/plugins/com.nxp.mcuxpresso.tools.win32_11.9.1.202402080819/tools/bin/../lib/gcc/arm-none-eabi/12.3.1/../../../../arm-none-eabi/lib/thumb/v6-m/nofp\libcr_c.a(fflush.o)
 .debug_aranges
                0x00000bc8       0x28 c:/nxp/mcuxpressoide_11.9.1_2170/ide/plugins/com.nxp.mcuxpresso.tools.win32_11.9.1.202402080819/tools/bin/../lib/gcc/arm-none-eabi/12.3.1/../../../../arm-none-eabi/lib/thumb/v6-m/nofp\libcr_c.a(remove.o)
 .debug_aranges
                0x00000bf0       0x20 c:/nxp/mcuxpressoide_11.9.1_2170/ide/plugins/com.nxp.mcuxpresso.tools.win32_11.9.1.202402080819/tools/bin/../lib/gcc/arm-none-eabi/12.3.1/../../../../arm-none-eabi/lib/thumb/v6-m/nofp\libcr_c.a(_cr_check_heap.o)
 .debug_aranges
                0x00000c10       0x20 c:/nxp/mcuxpressoide_11.9.1_2170/ide/plugins/com.nxp.mcuxpresso.tools.win32_11.9.1.202402080819/tools/bin/../lib/gcc/arm-none-eabi/12.3.1/../../../../arm-none-eabi/lib/thumb/v6-m/nofp\libcr_c.a(_do_fflush.o)
 .debug_aranges
                0x00000c30       0x20 c:/nxp/mcuxpressoide_11.9.1_2170/ide/plugins/com.nxp.mcuxpresso.tools.win32_11.9.1.202402080819/tools/bin/../lib/gcc/arm-none-eabi/12.3.1/../../../../arm-none-eabi/lib/thumb/v6-m/nofp\libcr_nohost_nf.a(__sys_close.o)
 .debug_aranges
                0x00000c50       0x20 c:/nxp/mcuxpressoide_11.9.1_2170/ide/plugins/com.nxp.mcuxpresso.tools.win32_11.9.1.202402080819/tools/bin/../lib/gcc/arm-none-eabi/12.3.1/../../../../arm-none-eabi/lib/thumb/v6-m/nofp\libcr_nohost_nf.a(__sys_flen.o)
 .debug_aranges
                0x00000c70       0x20 c:/nxp/mcuxpressoide_11.9.1_2170/ide/plugins/com.nxp.mcuxpresso.tools.win32_11.9.1.202402080819/tools/bin/../lib/gcc/arm-none-eabi/12.3.1/../../../../arm-none-eabi/lib/thumb/v6-m/nofp\libcr_nohost_nf.a(__sys_istty.o)
 .debug_aranges
                0x00000c90       0x20 c:/nxp/mcuxpressoide_11.9.1_2170/ide/plugins/com.nxp.mcuxpresso.tools.win32_11.9.1.202402080819/tools/bin/../lib/gcc/arm-none-eabi/12.3.1/../../../../arm-none-eabi/lib/thumb/v6-m/nofp\libcr_nohost_nf.a(__sys_remove.o)
 .debug_aranges
                0x00000cb0       0x20 c:/nxp/mcuxpressoide_11.9.1_2170/ide/plugins/com.nxp.mcuxpresso.tools.win32_11.9.1.202402080819/tools/bin/../lib/gcc/arm-none-eabi/12.3.1/../../../../arm-none-eabi/lib/thumb/v6-m/nofp\libcr_nohost_nf.a(__sys_seek.o)
 .debug_aranges
                0x00000cd0       0x20 c:/nxp/mcuxpressoide_11.9.1_2170/ide/plugins/com.nxp.mcuxpresso.tools.win32_11.9.1.202402080819/tools/bin/../lib/gcc/arm-none-eabi/12.3.1/../../../../arm-none-eabi/lib/thumb/v6-m/nofp\libcr_nohost_nf.a(__sys_tmpnam.o)
 .debug_aranges
                0x00000cf0       0x20 c:/nxp/mcuxpressoide_11.9.1_2170/ide/plugins/com.nxp.mcuxpresso.tools.win32_11.9.1.202402080819/tools/bin/../lib/gcc/arm-none-eabi/12.3.1/../../../../arm-none-eabi/lib/thumb/v6-m/nofp\libcr_nohost_nf.a(__sys_write.o)

.debug_ranges   0x00000000      0xaa8
 .debug_ranges  0x00000000       0x68 ./utilities/fsl_debug_console.o
 .debug_ranges  0x00000068       0x28 ./utilities/fsl_str.o
 .debug_ranges  0x00000090      0x1e8 ./startup/startup_mkl28z7.o
 .debug_ranges  0x00000278       0x10 ./source/semihost_hardfault.o
 .debug_ranges  0x00000288       0x20 ./source/tp1.o
 .debug_ranges  0x000002a8      0x110 ./drivers/fsl_clock.o
 .debug_ranges  0x000003b8      0x120 ./drivers/fsl_lpuart.o
 .debug_ranges  0x000004d8       0x88 ./drivers/fsl_rtc.o
 .debug_ranges  0x00000560       0x90 ./drivers/fsl_smc.o
 .debug_ranges  0x000005f0       0x20 ./device/system_MKL28Z7.o
 .debug_ranges  0x00000610       0x30 ./component/uart/lpuart_adapter.o
 .debug_ranges  0x00000640       0x78 ./component/serial_manager/serial_manager.o
 .debug_ranges  0x000006b8       0x28 ./component/serial_manager/serial_port_uart.o
 .debug_ranges  0x000006e0       0x18 ./board/board.o
 .debug_ranges  0x000006f8       0x60 ./board/clock_config.o
 .debug_ranges  0x00000758       0x10 ./board/peripherals.o
 .debug_ranges  0x00000768       0x78 ./board/pin_mux.o
 .debug_ranges  0x000007e0       0x10 c:/nxp/mcuxpressoide_11.9.1_2170/ide/plugins/com.nxp.mcuxpresso.tools.win32_11.9.1.202402080819/tools/bin/../lib/gcc/arm-none-eabi/12.3.1/../../../../arm-none-eabi/lib/thumb/v6-m/nofp\libcr_nohost_nf.a(_cr__main.o)
 .debug_ranges  0x000007f0       0x10 c:/nxp/mcuxpressoide_11.9.1_2170/ide/plugins/com.nxp.mcuxpresso.tools.win32_11.9.1.202402080819/tools/bin/../lib/gcc/arm-none-eabi/12.3.1/../../../../arm-none-eabi/lib/thumb/v6-m/nofp\libcr_nohost_nf.a(_cr_assert.o)
 .debug_ranges  0x00000800       0x10 c:/nxp/mcuxpressoide_11.9.1_2170/ide/plugins/com.nxp.mcuxpresso.tools.win32_11.9.1.202402080819/tools/bin/../lib/gcc/arm-none-eabi/12.3.1/../../../../arm-none-eabi/lib/thumb/v6-m/nofp\libcr_nohost_nf.a(__sys_appexit.o)
 .debug_ranges  0x00000810       0x10 c:/nxp/mcuxpressoide_11.9.1_2170/ide/plugins/com.nxp.mcuxpresso.tools.win32_11.9.1.202402080819/tools/bin/../lib/gcc/arm-none-eabi/12.3.1/../../../../arm-none-eabi/lib/thumb/v6-m/nofp\libcr_c.a(memset.o)
 .debug_ranges  0x00000820       0x50 c:/nxp/mcuxpressoide_11.9.1_2170/ide/plugins/com.nxp.mcuxpresso.tools.win32_11.9.1.202402080819/tools/bin/../lib/gcc/arm-none-eabi/12.3.1/../../../../arm-none-eabi/lib/thumb/v6-m/nofp\libcr_c.a(_deferredlazyseek.o)
 .debug_ranges  0x00000870       0x10 c:/nxp/mcuxpressoide_11.9.1_2170/ide/plugins/com.nxp.mcuxpresso.tools.win32_11.9.1.202402080819/tools/bin/../lib/gcc/arm-none-eabi/12.3.1/../../../../arm-none-eabi/lib/thumb/v6-m/nofp\libcr_c.a(_fflush.o)
 .debug_ranges  0x00000880       0x10 c:/nxp/mcuxpressoide_11.9.1_2170/ide/plugins/com.nxp.mcuxpresso.tools.win32_11.9.1.202402080819/tools/bin/../lib/gcc/arm-none-eabi/12.3.1/../../../../arm-none-eabi/lib/thumb/v6-m/nofp\libcr_c.a(_writebuf.o)
 .debug_ranges  0x00000890       0x50 c:/nxp/mcuxpressoide_11.9.1_2170/ide/plugins/com.nxp.mcuxpresso.tools.win32_11.9.1.202402080819/tools/bin/../lib/gcc/arm-none-eabi/12.3.1/../../../../arm-none-eabi/lib/thumb/v6-m/nofp\libcr_c.a(alloc.o)
 .debug_ranges  0x000008e0       0x10 c:/nxp/mcuxpressoide_11.9.1_2170/ide/plugins/com.nxp.mcuxpresso.tools.win32_11.9.1.202402080819/tools/bin/../lib/gcc/arm-none-eabi/12.3.1/../../../../arm-none-eabi/lib/thumb/v6-m/nofp\libcr_c.a(fputs.o)
 .debug_ranges  0x000008f0       0x10 c:/nxp/mcuxpressoide_11.9.1_2170/ide/plugins/com.nxp.mcuxpresso.tools.win32_11.9.1.202402080819/tools/bin/../lib/gcc/arm-none-eabi/12.3.1/../../../../arm-none-eabi/lib/thumb/v6-m/nofp\libcr_c.a(fseek.o)
 .debug_ranges  0x00000900       0x10 c:/nxp/mcuxpressoide_11.9.1_2170/ide/plugins/com.nxp.mcuxpresso.tools.win32_11.9.1.202402080819/tools/bin/../lib/gcc/arm-none-eabi/12.3.1/../../../../arm-none-eabi/lib/thumb/v6-m/nofp\libcr_c.a(ftell.o)
 .debug_ranges  0x00000910       0x38 c:/nxp/mcuxpressoide_11.9.1_2170/ide/plugins/com.nxp.mcuxpresso.tools.win32_11.9.1.202402080819/tools/bin/../lib/gcc/arm-none-eabi/12.3.1/../../../../arm-none-eabi/lib/thumb/v6-m/nofp\libcr_c.a(initio.o)
 .debug_ranges  0x00000948       0x10 c:/nxp/mcuxpressoide_11.9.1_2170/ide/plugins/com.nxp.mcuxpresso.tools.win32_11.9.1.202402080819/tools/bin/../lib/gcc/arm-none-eabi/12.3.1/../../../../arm-none-eabi/lib/thumb/v6-m/nofp\libcr_c.a(setvbuf.o)
 .debug_ranges  0x00000958       0x28 c:/nxp/mcuxpressoide_11.9.1_2170/ide/plugins/com.nxp.mcuxpresso.tools.win32_11.9.1.202402080819/tools/bin/../lib/gcc/arm-none-eabi/12.3.1/../../../../arm-none-eabi/lib/thumb/v6-m/nofp\libcr_c.a(strlen.o)
 .debug_ranges  0x00000980       0x10 c:/nxp/mcuxpressoide_11.9.1_2170/ide/plugins/com.nxp.mcuxpresso.tools.win32_11.9.1.202402080819/tools/bin/../lib/gcc/arm-none-eabi/12.3.1/../../../../arm-none-eabi/lib/thumb/v6-m/nofp\libcr_c.a(__init_alloc.o)
 .debug_ranges  0x00000990       0x10 c:/nxp/mcuxpressoide_11.9.1_2170/ide/plugins/com.nxp.mcuxpresso.tools.win32_11.9.1.202402080819/tools/bin/../lib/gcc/arm-none-eabi/12.3.1/../../../../arm-none-eabi/lib/thumb/v6-m/nofp\libcr_c.a(_cr_sbrk.o)
 .debug_ranges  0x000009a0       0x10 c:/nxp/mcuxpressoide_11.9.1_2170/ide/plugins/com.nxp.mcuxpresso.tools.win32_11.9.1.202402080819/tools/bin/../lib/gcc/arm-none-eabi/12.3.1/../../../../arm-none-eabi/lib/thumb/v6-m/nofp\libcr_c.a(_fdopen.o)
 .debug_ranges  0x000009b0       0x10 c:/nxp/mcuxpressoide_11.9.1_2170/ide/plugins/com.nxp.mcuxpresso.tools.win32_11.9.1.202402080819/tools/bin/../lib/gcc/arm-none-eabi/12.3.1/../../../../arm-none-eabi/lib/thumb/v6-m/nofp\libcr_c.a(fclose.o)
 .debug_ranges  0x000009c0       0x28 c:/nxp/mcuxpressoide_11.9.1_2170/ide/plugins/com.nxp.mcuxpresso.tools.win32_11.9.1.202402080819/tools/bin/../lib/gcc/arm-none-eabi/12.3.1/../../../../arm-none-eabi/lib/thumb/v6-m/nofp\libcr_c.a(fflush.o)
 .debug_ranges  0x000009e8       0x18 c:/nxp/mcuxpressoide_11.9.1_2170/ide/plugins/com.nxp.mcuxpresso.tools.win32_11.9.1.202402080819/tools/bin/../lib/gcc/arm-none-eabi/12.3.1/../../../../arm-none-eabi/lib/thumb/v6-m/nofp\libcr_c.a(remove.o)
 .debug_ranges  0x00000a00       0x10 c:/nxp/mcuxpressoide_11.9.1_2170/ide/plugins/com.nxp.mcuxpresso.tools.win32_11.9.1.202402080819/tools/bin/../lib/gcc/arm-none-eabi/12.3.1/../../../../arm-none-eabi/lib/thumb/v6-m/nofp\libcr_c.a(_cr_check_heap.o)
 .debug_ranges  0x00000a10       0x28 c:/nxp/mcuxpressoide_11.9.1_2170/ide/plugins/com.nxp.mcuxpresso.tools.win32_11.9.1.202402080819/tools/bin/../lib/gcc/arm-none-eabi/12.3.1/../../../../arm-none-eabi/lib/thumb/v6-m/nofp\libcr_c.a(_do_fflush.o)
 .debug_ranges  0x00000a38       0x10 c:/nxp/mcuxpressoide_11.9.1_2170/ide/plugins/com.nxp.mcuxpresso.tools.win32_11.9.1.202402080819/tools/bin/../lib/gcc/arm-none-eabi/12.3.1/../../../../arm-none-eabi/lib/thumb/v6-m/nofp\libcr_nohost_nf.a(__sys_close.o)
 .debug_ranges  0x00000a48       0x10 c:/nxp/mcuxpressoide_11.9.1_2170/ide/plugins/com.nxp.mcuxpresso.tools.win32_11.9.1.202402080819/tools/bin/../lib/gcc/arm-none-eabi/12.3.1/../../../../arm-none-eabi/lib/thumb/v6-m/nofp\libcr_nohost_nf.a(__sys_flen.o)
 .debug_ranges  0x00000a58       0x10 c:/nxp/mcuxpressoide_11.9.1_2170/ide/plugins/com.nxp.mcuxpresso.tools.win32_11.9.1.202402080819/tools/bin/../lib/gcc/arm-none-eabi/12.3.1/../../../../arm-none-eabi/lib/thumb/v6-m/nofp\libcr_nohost_nf.a(__sys_istty.o)
 .debug_ranges  0x00000a68       0x10 c:/nxp/mcuxpressoide_11.9.1_2170/ide/plugins/com.nxp.mcuxpresso.tools.win32_11.9.1.202402080819/tools/bin/../lib/gcc/arm-none-eabi/12.3.1/../../../../arm-none-eabi/lib/thumb/v6-m/nofp\libcr_nohost_nf.a(__sys_remove.o)
 .debug_ranges  0x00000a78       0x10 c:/nxp/mcuxpressoide_11.9.1_2170/ide/plugins/com.nxp.mcuxpresso.tools.win32_11.9.1.202402080819/tools/bin/../lib/gcc/arm-none-eabi/12.3.1/../../../../arm-none-eabi/lib/thumb/v6-m/nofp\libcr_nohost_nf.a(__sys_seek.o)
 .debug_ranges  0x00000a88       0x10 c:/nxp/mcuxpressoide_11.9.1_2170/ide/plugins/com.nxp.mcuxpresso.tools.win32_11.9.1.202402080819/tools/bin/../lib/gcc/arm-none-eabi/12.3.1/../../../../arm-none-eabi/lib/thumb/v6-m/nofp\libcr_nohost_nf.a(__sys_tmpnam.o)
 .debug_ranges  0x00000a98       0x10 c:/nxp/mcuxpressoide_11.9.1_2170/ide/plugins/com.nxp.mcuxpresso.tools.win32_11.9.1.202402080819/tools/bin/../lib/gcc/arm-none-eabi/12.3.1/../../../../arm-none-eabi/lib/thumb/v6-m/nofp\libcr_nohost_nf.a(__sys_write.o)

.debug_macro    0x00000000     0xefeb
 .debug_macro   0x00000000      0x174 ./utilities/fsl_debug_console.o
 .debug_macro   0x00000174      0xac0 ./utilities/fsl_debug_console.o
 .debug_macro   0x00000c34       0x10 ./utilities/fsl_debug_console.o
 .debug_macro   0x00000c44       0x16 ./utilities/fsl_debug_console.o
 .debug_macro   0x00000c5a       0x10 ./utilities/fsl_debug_console.o
 .debug_macro   0x00000c6a      0x12e ./utilities/fsl_debug_console.o
 .debug_macro   0x00000d98       0x28 ./utilities/fsl_debug_console.o
 .debug_macro   0x00000dc0       0x54 ./utilities/fsl_debug_console.o
 .debug_macro   0x00000e14       0x16 ./utilities/fsl_debug_console.o
 .debug_macro   0x00000e2a       0x22 ./utilities/fsl_debug_console.o
 .debug_macro   0x00000e4c      0x5b3 ./utilities/fsl_debug_console.o
 .debug_macro   0x000013ff       0x10 ./utilities/fsl_debug_console.o
 .debug_macro   0x0000140f       0x3f ./utilities/fsl_debug_console.o
 .debug_macro   0x0000144e       0x1c ./utilities/fsl_debug_console.o
 .debug_macro   0x0000146a       0x22 ./utilities/fsl_debug_console.o
 .debug_macro   0x0000148c       0xaf ./utilities/fsl_debug_console.o
 .debug_macro   0x0000153b      0x4a9 ./utilities/fsl_debug_console.o
 .debug_macro   0x000019e4       0xe2 ./utilities/fsl_debug_console.o
 .debug_macro   0x00001ac6       0x2e ./utilities/fsl_debug_console.o
 .debug_macro   0x00001af4     0xaac0 ./utilities/fsl_debug_console.o
 .debug_macro   0x0000c5b4     0x1163 ./utilities/fsl_debug_console.o
 .debug_macro   0x0000d717       0x52 ./utilities/fsl_debug_console.o
 .debug_macro   0x0000d769       0xc2 ./utilities/fsl_debug_console.o
 .debug_macro   0x0000d82b       0x7b ./utilities/fsl_debug_console.o
 .debug_macro   0x0000d8a6       0x2e ./utilities/fsl_debug_console.o
 .debug_macro   0x0000d8d4       0x10 ./utilities/fsl_debug_console.o
 .debug_macro   0x0000d8e4       0x2e ./utilities/fsl_debug_console.o
 .debug_macro   0x0000d912       0x34 ./utilities/fsl_debug_console.o
 .debug_macro   0x0000d946      0x121 ./utilities/fsl_str.o
 .debug_macro   0x0000da67       0xc4 ./utilities/fsl_str.o
 .debug_macro   0x0000db2b       0x1c ./utilities/fsl_str.o
 .debug_macro   0x0000db47       0x29 ./startup/startup_mkl28z7.o
 .debug_macro   0x0000db70       0x2f ./source/mtb.o
 .debug_macro   0x0000db9f       0x82 ./source/mtb.o
 .debug_macro   0x0000dc21       0x10 ./source/mtb.o
 .debug_macro   0x0000dc31       0x11 ./source/semihost_hardfault.o
 .debug_macro   0x0000dc42      0x180 ./source/tp1.o
 .debug_macro   0x0000ddc2       0xd8 ./source/tp1.o
 .debug_macro   0x0000de9a       0x22 ./source/tp1.o
 .debug_macro   0x0000debc       0x16 ./source/tp1.o
 .debug_macro   0x0000ded2       0x10 ./source/tp1.o
 .debug_macro   0x0000dee2      0x1e9 ./source/tp1.o
 .debug_macro   0x0000e0cb      0x184 ./source/tp1.o
 .debug_macro   0x0000e24f       0x2e ./source/tp1.o
 .debug_macro   0x0000e27d       0x10 ./source/tp1.o
 .debug_macro   0x0000e28d      0x1c2 ./drivers/fsl_clock.o
 .debug_macro   0x0000e44f       0x1c ./drivers/fsl_clock.o
 .debug_macro   0x0000e46b      0x112 ./drivers/fsl_lpuart.o
 .debug_macro   0x0000e57d      0x136 ./drivers/fsl_rtc.o
 .debug_macro   0x0000e6b3      0x112 ./drivers/fsl_smc.o
 .debug_macro   0x0000e7c5       0xa1 ./device/system_MKL28Z7.o
 .debug_macro   0x0000e866      0x10e ./component/uart/lpuart_adapter.o
 .debug_macro   0x0000e974       0x10 ./component/uart/lpuart_adapter.o
 .debug_macro   0x0000e984       0x1c ./component/uart/lpuart_adapter.o
 .debug_macro   0x0000e9a0      0x12b ./component/serial_manager/serial_manager.o
 .debug_macro   0x0000eacb      0x11c ./component/serial_manager/serial_port_uart.o
 .debug_macro   0x0000ebe7       0x1c ./component/serial_manager/serial_port_uart.o
 .debug_macro   0x0000ec03      0x149 ./board/board.o
 .debug_macro   0x0000ed4c       0x1c ./board/board.o
 .debug_macro   0x0000ed68      0x137 ./board/clock_config.o
 .debug_macro   0x0000ee9f       0x1b ./board/peripherals.o
 .debug_macro   0x0000eeba      0x11b ./board/pin_mux.o
 .debug_macro   0x0000efd5       0x16 ./board/pin_mux.o

.debug_line     0x00000000     0x7fa4
 .debug_line    0x00000000      0x617 ./utilities/fsl_debug_console.o
 .debug_line    0x00000617      0x997 ./utilities/fsl_str.o
 .debug_line    0x00000fae      0x3bb ./startup/startup_mkl28z7.o
 .debug_line    0x00001369       0xd1 ./source/mtb.o
 .debug_line    0x0000143a       0x59 ./source/semihost_hardfault.o
 .debug_line    0x00001493      0x45d ./source/tp1.o
 .debug_line    0x000018f0      0xc48 ./drivers/fsl_clock.o
 .debug_line    0x00002538      0xf4d ./drivers/fsl_lpuart.o
 .debug_line    0x00003485      0x773 ./drivers/fsl_rtc.o
 .debug_line    0x00003bf8      0x639 ./drivers/fsl_smc.o
 .debug_line    0x00004231      0x316 ./device/system_MKL28Z7.o
 .debug_line    0x00004547      0x426 ./component/uart/lpuart_adapter.o
 .debug_line    0x0000496d      0x5da ./component/serial_manager/serial_manager.o
 .debug_line    0x00004f47      0x428 ./component/serial_manager/serial_port_uart.o
 .debug_line    0x0000536f      0x3c5 ./board/board.o
 .debug_line    0x00005734      0x4c1 ./board/clock_config.o
 .debug_line    0x00005bf5       0x5a ./board/peripherals.o
 .debug_line    0x00005c4f      0x598 ./board/pin_mux.o
 .debug_line    0x000061e7       0xcd c:/nxp/mcuxpressoide_11.9.1_2170/ide/plugins/com.nxp.mcuxpresso.tools.win32_11.9.1.202402080819/tools/bin/../lib/gcc/arm-none-eabi/12.3.1/../../../../arm-none-eabi/lib/thumb/v6-m/nofp\libcr_nohost_nf.a(_cr__main.o)
 .debug_line    0x000062b4      0x12a c:/nxp/mcuxpressoide_11.9.1_2170/ide/plugins/com.nxp.mcuxpresso.tools.win32_11.9.1.202402080819/tools/bin/../lib/gcc/arm-none-eabi/12.3.1/../../../../arm-none-eabi/lib/thumb/v6-m/nofp\libcr_nohost_nf.a(_cr_assert.o)
 .debug_line    0x000063de       0xf2 c:/nxp/mcuxpressoide_11.9.1_2170/ide/plugins/com.nxp.mcuxpresso.tools.win32_11.9.1.202402080819/tools/bin/../lib/gcc/arm-none-eabi/12.3.1/../../../../arm-none-eabi/lib/thumb/v6-m/nofp\libcr_nohost_nf.a(__ciob.o)
 .debug_line    0x000064d0       0x56 c:/nxp/mcuxpressoide_11.9.1_2170/ide/plugins/com.nxp.mcuxpresso.tools.win32_11.9.1.202402080819/tools/bin/../lib/gcc/arm-none-eabi/12.3.1/../../../../arm-none-eabi/lib/thumb/v6-m/nofp\libcr_nohost_nf.a(__sys_appexit.o)
 .debug_line    0x00006526       0x82 c:/nxp/mcuxpressoide_11.9.1_2170/ide/plugins/com.nxp.mcuxpresso.tools.win32_11.9.1.202402080819/tools/bin/../lib/gcc/arm-none-eabi/12.3.1/../../../../arm-none-eabi/lib/thumb/v6-m/nofp\libcr_c.a(memset.o)
 .debug_line    0x000065a8      0x305 c:/nxp/mcuxpressoide_11.9.1_2170/ide/plugins/com.nxp.mcuxpresso.tools.win32_11.9.1.202402080819/tools/bin/../lib/gcc/arm-none-eabi/12.3.1/../../../../arm-none-eabi/lib/thumb/v6-m/nofp\libcr_c.a(_deferredlazyseek.o)
 .debug_line    0x000068ad      0x11f c:/nxp/mcuxpressoide_11.9.1_2170/ide/plugins/com.nxp.mcuxpresso.tools.win32_11.9.1.202402080819/tools/bin/../lib/gcc/arm-none-eabi/12.3.1/../../../../arm-none-eabi/lib/thumb/v6-m/nofp\libcr_c.a(_fflush.o)
 .debug_line    0x000069cc      0x139 c:/nxp/mcuxpressoide_11.9.1_2170/ide/plugins/com.nxp.mcuxpresso.tools.win32_11.9.1.202402080819/tools/bin/../lib/gcc/arm-none-eabi/12.3.1/../../../../arm-none-eabi/lib/thumb/v6-m/nofp\libcr_c.a(_writebuf.o)